Component: ARM Compiler 5.05 update 1 (build 106) Tool: armlink [4d0efa]

==============================================================================

Section Cross References

    startup_stm32f10x_md.o(RESET) refers to startup_stm32f10x_md.o(STACK) for __initial_sp
    startup_stm32f10x_md.o(RESET) refers to startup_stm32f10x_md.o(.text) for Reset_Handler
    startup_stm32f10x_md.o(RESET) refers to stm32f10x_it.o(i.EXTI9_5_IRQHandler) for EXTI9_5_IRQHandler
    startup_stm32f10x_md.o(RESET) refers to stm32f10x_it.o(i.TIM1_UP_IRQHandler) for TIM1_UP_IRQHandler
    startup_stm32f10x_md.o(.text) refers to system_stm32f10x.o(i.SystemInit) for SystemInit
    startup_stm32f10x_md.o(.text) refers to entry.o(.ARM.Collect$$$$00000000) for __main
    stm32f10x_adc.o(i.ADC_DeInit) refers to stm32f10x_rcc.o(i.RCC_APB2PeriphResetCmd) for RCC_APB2PeriphResetCmd
    stm32f10x_flash.o(i.FLASH_EnableWriteProtection) refers to stm32f10x_flash.o(i.FLASH_WaitForLastOperation) for FLASH_WaitForLastOperation
    stm32f10x_flash.o(i.FLASH_EraseAllBank1Pages) refers to stm32f10x_flash.o(i.FLASH_WaitForLastBank1Operation) for FLASH_WaitForLastBank1Operation
    stm32f10x_flash.o(i.FLASH_EraseAllPages) refers to stm32f10x_flash.o(i.FLASH_WaitForLastOperation) for FLASH_WaitForLastOperation
    stm32f10x_flash.o(i.FLASH_EraseOptionBytes) refers to stm32f10x_flash.o(i.FLASH_GetReadOutProtectionStatus) for FLASH_GetReadOutProtectionStatus
    stm32f10x_flash.o(i.FLASH_EraseOptionBytes) refers to stm32f10x_flash.o(i.FLASH_WaitForLastOperation) for FLASH_WaitForLastOperation
    stm32f10x_flash.o(i.FLASH_ErasePage) refers to stm32f10x_flash.o(i.FLASH_WaitForLastOperation) for FLASH_WaitForLastOperation
    stm32f10x_flash.o(i.FLASH_ProgramHalfWord) refers to stm32f10x_flash.o(i.FLASH_WaitForLastOperation) for FLASH_WaitForLastOperation
    stm32f10x_flash.o(i.FLASH_ProgramOptionByteData) refers to stm32f10x_flash.o(i.FLASH_WaitForLastOperation) for FLASH_WaitForLastOperation
    stm32f10x_flash.o(i.FLASH_ProgramWord) refers to stm32f10x_flash.o(i.FLASH_WaitForLastOperation) for FLASH_WaitForLastOperation
    stm32f10x_flash.o(i.FLASH_ReadOutProtection) refers to stm32f10x_flash.o(i.FLASH_WaitForLastOperation) for FLASH_WaitForLastOperation
    stm32f10x_flash.o(i.FLASH_UserOptionByteConfig) refers to stm32f10x_flash.o(i.FLASH_WaitForLastOperation) for FLASH_WaitForLastOperation
    stm32f10x_flash.o(i.FLASH_WaitForLastBank1Operation) refers to stm32f10x_flash.o(i.FLASH_GetBank1Status) for FLASH_GetBank1Status
    stm32f10x_flash.o(i.FLASH_WaitForLastOperation) refers to stm32f10x_flash.o(i.FLASH_GetBank1Status) for FLASH_GetBank1Status
    stm32f10x_gpio.o(i.GPIO_AFIODeInit) refers to stm32f10x_rcc.o(i.RCC_APB2PeriphResetCmd) for RCC_APB2PeriphResetCmd
    stm32f10x_gpio.o(i.GPIO_DeInit) refers to stm32f10x_rcc.o(i.RCC_APB2PeriphResetCmd) for RCC_APB2PeriphResetCmd
    stm32f10x_pwr.o(i.PWR_DeInit) refers to stm32f10x_rcc.o(i.RCC_APB1PeriphResetCmd) for RCC_APB1PeriphResetCmd
    stm32f10x_rcc.o(i.RCC_GetClocksFreq) refers to stm32f10x_rcc.o(.data) for APBAHBPrescTable
    stm32f10x_rcc.o(i.RCC_WaitForHSEStartUp) refers to stm32f10x_rcc.o(i.RCC_GetFlagStatus) for RCC_GetFlagStatus
    stm32f10x_spi.o(i.I2S_Init) refers to stm32f10x_rcc.o(i.RCC_GetClocksFreq) for RCC_GetClocksFreq
    stm32f10x_spi.o(i.SPI_I2S_DeInit) refers to stm32f10x_rcc.o(i.RCC_APB2PeriphResetCmd) for RCC_APB2PeriphResetCmd
    stm32f10x_spi.o(i.SPI_I2S_DeInit) refers to stm32f10x_rcc.o(i.RCC_APB1PeriphResetCmd) for RCC_APB1PeriphResetCmd
    stm32f10x_tim.o(i.TIM_DeInit) refers to stm32f10x_rcc.o(i.RCC_APB2PeriphResetCmd) for RCC_APB2PeriphResetCmd
    stm32f10x_tim.o(i.TIM_DeInit) refers to stm32f10x_rcc.o(i.RCC_APB1PeriphResetCmd) for RCC_APB1PeriphResetCmd
    stm32f10x_tim.o(i.TIM_ETRClockMode1Config) refers to stm32f10x_tim.o(i.TIM_ETRConfig) for TIM_ETRConfig
    stm32f10x_tim.o(i.TIM_ETRClockMode2Config) refers to stm32f10x_tim.o(i.TIM_ETRConfig) for TIM_ETRConfig
    stm32f10x_tim.o(i.TIM_ICInit) refers to stm32f10x_tim.o(i.TI1_Config) for TI1_Config
    stm32f10x_tim.o(i.TIM_ICInit) refers to stm32f10x_tim.o(i.TIM_SetIC1Prescaler) for TIM_SetIC1Prescaler
    stm32f10x_tim.o(i.TIM_ICInit) refers to stm32f10x_tim.o(i.TI2_Config) for TI2_Config
    stm32f10x_tim.o(i.TIM_ICInit) refers to stm32f10x_tim.o(i.TIM_SetIC2Prescaler) for TIM_SetIC2Prescaler
    stm32f10x_tim.o(i.TIM_ICInit) refers to stm32f10x_tim.o(i.TI3_Config) for TI3_Config
    stm32f10x_tim.o(i.TIM_ICInit) refers to stm32f10x_tim.o(i.TIM_SetIC3Prescaler) for TIM_SetIC3Prescaler
    stm32f10x_tim.o(i.TIM_ICInit) refers to stm32f10x_tim.o(i.TI4_Config) for TI4_Config
    stm32f10x_tim.o(i.TIM_ICInit) refers to stm32f10x_tim.o(i.TIM_SetIC4Prescaler) for TIM_SetIC4Prescaler
    stm32f10x_tim.o(i.TIM_ITRxExternalClockConfig) refers to stm32f10x_tim.o(i.TIM_SelectInputTrigger) for TIM_SelectInputTrigger
    stm32f10x_tim.o(i.TIM_PWMIConfig) refers to stm32f10x_tim.o(i.TI1_Config) for TI1_Config
[...]
    Removing stm32f10x_dma.o(i.DMA_GetCurrDataCounter), (8 bytes).
    Removing stm32f10x_dma.o(i.DMA_GetFlagStatus), (44 bytes).
    Removing stm32f10x_dma.o(i.DMA_GetITStatus), (44 bytes).
    Removing stm32f10x_dma.o(i.DMA_ITConfig), (18 bytes).
    Removing stm32f10x_dma.o(i.DMA_Init), (60 bytes).
    Removing stm32f10x_dma.o(i.DMA_SetCurrDataCounter), (4 bytes).
    Removing stm32f10x_dma.o(i.DMA_StructInit), (26 bytes).
    Removing stm32f10x_exti.o(i.EXTI_ClearFlag), (12 bytes).
    Removing stm32f10x_exti.o(i.EXTI_DeInit), (36 bytes).
    Removing stm32f10x_exti.o(i.EXTI_GenerateSWInterrupt), (16 bytes).
    Removing stm32f10x_exti.o(i.EXTI_GetFlagStatus), (24 bytes).
    Removing stm32f10x_exti.o(i.EXTI_StructInit), (16 bytes).
    Removing stm32f10x_flash.o(i.FLASH_ClearFlag), (12 bytes).
    Removing stm32f10x_flash.o(i.FLASH_EnableWriteProtection), (196 bytes).
    Removing stm32f10x_flash.o(i.FLASH_EraseAllBank1Pages), (72 bytes).
    Removing stm32f10x_flash.o(i.FLASH_EraseAllPages), (72 bytes).
    Removing stm32f10x_flash.o(i.FLASH_EraseOptionBytes), (168 bytes).
    Removing stm32f10x_flash.o(i.FLASH_GetFlagStatus), (48 bytes).
    Removing stm32f10x_flash.o(i.FLASH_GetPrefetchBufferStatus), (24 bytes).
    Removing stm32f10x_flash.o(i.FLASH_GetReadOutProtectionStatus), (24 bytes).
    Removing stm32f10x_flash.o(i.FLASH_GetStatus), (52 bytes).
    Removing stm32f10x_flash.o(i.FLASH_GetUserOptionByte), (12 bytes).
    Removing stm32f10x_flash.o(i.FLASH_GetWriteProtectionOptionByte), (12 bytes).
    Removing stm32f10x_flash.o(i.FLASH_HalfCycleAccessCmd), (28 bytes).
    Removing stm32f10x_flash.o(i.FLASH_ITConfig), (32 bytes).
    Removing stm32f10x_flash.o(i.FLASH_LockBank1), (20 bytes).
    Removing stm32f10x_flash.o(i.FLASH_ProgramOptionByteData), (84 bytes).
    Removing stm32f10x_flash.o(i.FLASH_ProgramWord), (108 bytes).
    Removing stm32f10x_flash.o(i.FLASH_ReadOutProtection), (172 bytes).
    Removing stm32f10x_flash.o(i.FLASH_SetLatency), (24 bytes).
    Removing stm32f10x_flash.o(i.FLASH_UnlockBank1), (24 bytes).
    Removing stm32f10x_flash.o(i.FLASH_UserOptionByteConfig), (104 bytes).
    Removing stm32f10x_flash.o(i.FLASH_WaitForLastBank1Operation), (38 bytes).
    Removing stm32f10x_fsmc.o(i.FSMC_ClearFlag), (64 bytes).
    Removing stm32f10x_fsmc.o(i.FSMC_ClearITPendingBit), (72 bytes).
    Removing stm32f10x_fsmc.o(i.FSMC_GetECC), (28 bytes).
    Removing stm32f10x_fsmc.o(i.FSMC_GetFlagStatus), (56 bytes).
    Removing stm32f10x_fsmc.o(i.FSMC_GetITStatus), (68 bytes).
    Removing stm32f10x_fsmc.o(i.FSMC_ITConfig), (128 bytes).
    Removing stm32f10x_fsmc.o(i.FSMC_NANDCmd), (92 bytes).
    Removing stm32f10x_fsmc.o(i.FSMC_NANDDeInit), (68 bytes).
    Removing stm32f10x_fsmc.o(i.FSMC_NANDECCCmd), (92 bytes).
    Removing stm32f10x_fsmc.o(i.FSMC_NANDInit), (136 bytes).
    Removing stm32f10x_fsmc.o(i.FSMC_NANDStructInit), (54 bytes).
    Removing stm32f10x_fsmc.o(i.FSMC_NORSRAMCmd), (52 bytes).
    Removing stm32f10x_fsmc.o(i.FSMC_NORSRAMDeInit), (54 bytes).
    Removing stm32f10x_fsmc.o(i.FSMC_NORSRAMInit), (230 bytes).
    Removing stm32f10x_fsmc.o(i.FSMC_NORSRAMStructInit), (114 bytes).
    Removing stm32f10x_fsmc.o(i.FSMC_PCCARDCmd), (48 bytes).
    Removing stm32f10x_fsmc.o(i.FSMC_PCCARDDeInit), (40 bytes).
    Removing stm32f10x_fsmc.o(i.FSMC_PCCARDInit), (132 bytes).
    Removing stm32f10x_fsmc.o(i.FSMC_PCCARDStructInit), (60 bytes).
    Removing stm32f10x_gpio.o(i.GPIO_AFIODeInit), (20 bytes).
    Removing stm32f10x_gpio.o(i.GPIO_DeInit), (200 bytes).
    Removing stm32f10x_gpio.o(i.GPIO_ETH_MediaInterfaceConfig), (12 bytes).
    Removing stm32f10x_gpio.o(i.GPIO_EventOutputCmd), (12 bytes).
    Removing stm32f10x_gpio.o(i.GPIO_EventOutputConfig), (32 bytes).
    Removing stm32f10x_gpio.o(i.GPIO_PinLockConfig), (18 bytes).
    Removing stm32f10x_gpio.o(i.GPIO_ReadOutputData), (8 bytes).
    Removing stm32f10x_gpio.o(i.GPIO_ReadOutputDataBit), (18 bytes).
    Removing stm32f10x_gpio.o(i.GPIO_StructInit), (16 bytes).
    Removing stm32f10x_gpio.o(i.GPIO_Write), (4 bytes).
    Removing stm32f10x_gpio.o(i.GPIO_WriteBit), (10 bytes).
    Removing stm32f10x_pwr.o(i.PWR_BackupAccessCmd), (12 bytes).
    Removing stm32f10x_pwr.o(i.PWR_ClearFlag), (20 bytes).
    Removing stm32f10x_pwr.o(i.PWR_DeInit), (22 bytes).
    Removing stm32f10x_pwr.o(i.PWR_EnterSTANDBYMode), (52 bytes).
    Removing stm32f10x_pwr.o(i.PWR_EnterSTOPMode), (64 bytes).
    Removing stm32f10x_pwr.o(i.PWR_GetFlagStatus), (24 bytes).
    Removing stm32f10x_pwr.o(i.PWR_PVDCmd), (12 bytes).
    Removing stm32f10x_pwr.o(i.PWR_PVDLevelConfig), (24 bytes).
    Removing stm32f10x_pwr.o(i.PWR_WakeUpPinCmd), (12 bytes).
    Removing stm32f10x_rcc.o(i.RCC_ADCCLKConfig), (24 bytes).
    Removing stm32f10x_rcc.o(i.RCC_AHBPeriphClockCmd), (32 bytes).
    Removing stm32f10x_rcc.o(i.RCC_APB1PeriphClockCmd), (32 bytes).
    Removing stm32f10x_rcc.o(i.RCC_AdjustHSICalibrationValue), (24 bytes).
    Removing stm32f10x_rcc.o(i.RCC_BackupResetCmd), (12 bytes).
    Removing stm32f10x_rcc.o(i.RCC_ClearFlag), (20 bytes).
    Removing stm32f10x_rcc.o(i.RCC_ClearITPendingBit), (12 bytes).
    Removing stm32f10x_rcc.o(i.RCC_ClockSecuritySystemCmd), (12 bytes).
    Removing stm32f10x_rcc.o(i.RCC_GetClocksFreq), (212 bytes).
    Removing stm32f10x_rcc.o(i.RCC_GetITStatus), (24 bytes).
    Removing stm32f10x_rcc.o(i.RCC_GetSYSCLKSource), (16 bytes).
    Removing stm32f10x_rcc.o(i.RCC_HCLKConfig), (24 bytes).
    Removing stm32f10x_rcc.o(i.RCC_HSEConfig), (76 bytes).
    Removing stm32f10x_rcc.o(i.RCC_ITConfig), (32 bytes).
    Removing stm32f10x_rcc.o(i.RCC_LSEConfig), (52 bytes).
    Removing stm32f10x_rcc.o(i.RCC_LSICmd), (12 bytes).
    Removing stm32f10x_rcc.o(i.RCC_MCOConfig), (12 bytes).
    Removing stm32f10x_rcc.o(i.RCC_PCLK1Config), (24 bytes).
    Removing stm32f10x_rcc.o(i.RCC_PCLK2Config), (24 bytes).
    Removing stm32f10x_rcc.o(i.RCC_PLLConfig), (28 bytes).
    Removing stm32f10x_rcc.o(i.RCC_RTCCLKCmd), (12 bytes).
    Removing stm32f10x_rcc.o(i.RCC_RTCCLKConfig), (16 bytes).
    Removing stm32f10x_rcc.o(i.RCC_SYSCLKConfig), (24 bytes).
    Removing stm32f10x_rcc.o(i.RCC_USBCLKConfig), (12 bytes).
    Removing stm32f10x_rcc.o(i.RCC_WaitForHSEStartUp), (56 bytes).
    Removing stm32f10x_rcc.o(.data), (20 bytes).
    Removing stm32f10x_sdio.o(i.SDIO_CEATAITCmd), (16 bytes).
    Removing stm32f10x_sdio.o(i.SDIO_ClearFlag), (12 bytes).
    Removing stm32f10x_sdio.o(i.SDIO_ClearITPendingBit), (12 bytes).
    Removing stm32f10x_sdio.o(i.SDIO_ClockCmd), (12 bytes).
    Removing stm32f10x_sdio.o(i.SDIO_CmdStructInit), (14 bytes).
    Removing stm32f10x_sdio.o(i.SDIO_CommandCompletionCmd), (12 bytes).
    Removing stm32f10x_sdio.o(i.SDIO_DMACmd), (12 bytes).
    Removing stm32f10x_sdio.o(i.SDIO_DataConfig), (48 bytes).
    Removing stm32f10x_sdio.o(i.SDIO_DataStructInit), (20 bytes).
    Removing stm32f10x_sdio.o(i.SDIO_DeInit), (36 bytes).
    Removing stm32f10x_sdio.o(i.SDIO_GetCommandResponse), (12 bytes).
    Removing stm32f10x_sdio.o(i.SDIO_GetDataCounter), (12 bytes).
    Removing stm32f10x_sdio.o(i.SDIO_GetFIFOCount), (12 bytes).
    Removing stm32f10x_sdio.o(i.SDIO_GetFlagStatus), (24 bytes).
    Removing stm32f10x_sdio.o(i.SDIO_GetITStatus), (24 bytes).
    Removing stm32f10x_sdio.o(i.SDIO_GetPowerState), (16 bytes).
    Removing stm32f10x_sdio.o(i.SDIO_GetResponse), (24 bytes).
    Removing stm32f10x_sdio.o(i.SDIO_ITConfig), (32 bytes).
    Removing stm32f10x_sdio.o(i.SDIO_Init), (48 bytes).
    Removing stm32f10x_sdio.o(i.SDIO_ReadData), (12 bytes).
    Removing stm32f10x_sdio.o(i.SDIO_SendCEATACmd), (12 bytes).
    Removing stm32f10x_sdio.o(i.SDIO_SendCommand), (44 bytes).
    Removing stm32f10x_sdio.o(i.SDIO_SendSDIOSuspendCmd), (12 bytes).
    Removing stm32f10x_sdio.o(i.SDIO_SetPowerState), (28 bytes).
    Removing stm32f10x_sdio.o(i.SDIO_SetSDIOOperation), (12 bytes).
    Removing stm32f10x_sdio.o(i.SDIO_SetSDIOReadWaitMode), (12 bytes).
    Removing stm32f10x_sdio.o(i.SDIO_StartSDIOReadWait), (12 bytes).
    Removing stm32f10x_sdio.o(i.SDIO_StopSDIOReadWait), (12 bytes).
    Removing stm32f10x_sdio.o(i.SDIO_StructInit), (16 bytes).
    Removing stm32f10x_sdio.o(i.SDIO_WriteData), (12 bytes).
    Removing stm32f10x_spi.o(i.I2S_Cmd), (24 bytes).
    Removing stm32f10x_spi.o(i.I2S_Init), (232 bytes).
    Removing stm32f10x_spi.o(i.I2S_StructInit), (20 bytes).
    Removing stm32f10x_spi.o(i.SPI_BiDirectionalLineConfig), (28 bytes).
    Removing stm32f10x_spi.o(i.SPI_CalculateCRC), (24 bytes).
    Removing stm32f10x_spi.o(i.SPI_DataSizeConfig), (18 bytes).
    Removing stm32f10x_spi.o(i.SPI_GetCRC), (16 bytes).
    Removing stm32f10x_spi.o(i.SPI_GetCRCPolynomial), (6 bytes).
    Removing stm32f10x_spi.o(i.SPI_I2S_ClearFlag), (6 bytes).
    Removing stm32f10x_spi.o(i.SPI_I2S_ClearITPendingBit), (20 bytes).
    Removing stm32f10x_spi.o(i.SPI_I2S_DMACmd), (18 bytes).
    Removing stm32f10x_spi.o(i.SPI_I2S_DeInit), (88 bytes).
    Removing stm32f10x_spi.o(i.SPI_I2S_GetITStatus), (52 bytes).
    Removing stm32f10x_spi.o(i.SPI_I2S_ITConfig), (32 bytes).
    Removing stm32f10x_spi.o(i.SPI_NSSInternalSoftwareConfig), (30 bytes).
    Removing stm32f10x_spi.o(i.SPI_SSOutputCmd), (24 bytes).
    Removing stm32f10x_spi.o(i.SPI_StructInit), (24 bytes).
    Removing stm32f10x_spi.o(i.SPI_TransmitCRC), (10 bytes).
    Removing stm32f10x_tim.o(i.TI1_Config), (128 bytes).
    Removing stm32f10x_tim.o(i.TI2_Config), (152 bytes).
    Removing stm32f10x_tim.o(i.TI3_Config), (144 bytes).
    Removing stm32f10x_tim.o(i.TI4_Config), (152 bytes).
    Removing stm32f10x_tim.o(i.TIM_BDTRConfig), (32 bytes).
    Removing stm32f10x_tim.o(i.TIM_BDTRStructInit), (18 bytes).
    Removing stm32f10x_tim.o(i.TIM_CCPreloadControl), (24 bytes).
    Removing stm32f10x_tim.o(i.TIM_CCxCmd), (30 bytes).
    Removing stm32f10x_tim.o(i.TIM_CCxNCmd), (30 bytes).
    Removing stm32f10x_tim.o(i.TIM_ClearOC1Ref), (18 bytes).
    Removing stm32f10x_tim.o(i.TIM_ClearOC2Ref), (24 bytes).
    Removing stm32f10x_tim.o(i.TIM_ClearOC3Ref), (18 bytes).
    Removing stm32f10x_tim.o(i.TIM_ClearOC4Ref), (24 bytes).
    Removing stm32f10x_tim.o(i.TIM_CounterModeConfig), (18 bytes).
    Removing stm32f10x_tim.o(i.TIM_DMACmd), (18 bytes).
    Removing stm32f10x_tim.o(i.TIM_DMAConfig), (10 bytes).
    Removing stm32f10x_tim.o(i.TIM_ETRClockMode1Config), (54 bytes).
    Removing stm32f10x_tim.o(i.TIM_ETRClockMode2Config), (32 bytes).
    Removing stm32f10x_tim.o(i.TIM_ETRConfig), (28 bytes).
    Removing stm32f10x_tim.o(i.TIM_EncoderInterfaceConfig), (66 bytes).
    Removing stm32f10x_tim.o(i.TIM_ForcedOC1Config), (18 bytes).
    Removing stm32f10x_tim.o(i.TIM_ForcedOC2Config), (26 bytes).
    Removing stm32f10x_tim.o(i.TIM_ForcedOC3Config), (18 bytes).
    Removing stm32f10x_tim.o(i.TIM_ForcedOC4Config), (26 bytes).
    Removing stm32f10x_tim.o(i.TIM_GenerateEvent), (4 bytes).
    Removing stm32f10x_tim.o(i.TIM_GetCapture1), (6 bytes).
    Removing stm32f10x_tim.o(i.TIM_GetCapture2), (6 bytes).
    Removing stm32f10x_tim.o(i.TIM_GetCapture3), (6 bytes).
    Removing stm32f10x_tim.o(i.TIM_GetCapture4), (8 bytes).
    Removing stm32f10x_tim.o(i.TIM_GetCounter), (6 bytes).
    Removing stm32f10x_tim.o(i.TIM_GetFlagStatus), (18 bytes).
    Removing stm32f10x_tim.o(i.TIM_GetPrescaler), (6 bytes).
    Removing stm32f10x_tim.o(i.TIM_ICInit), (172 bytes).
    Removing stm32f10x_tim.o(i.TIM_ICStructInit), (18 bytes).
    Removing stm32f10x_tim.o(i.TIM_ITRxExternalClockConfig), (24 bytes).
    Removing stm32f10x_tim.o(i.TIM_InternalClockConfig), (12 bytes).
    Removing stm32f10x_tim.o(i.TIM_OC1FastConfig), (18 bytes).
    Removing stm32f10x_tim.o(i.TIM_OC1NPolarityConfig), (18 bytes).
    Removing stm32f10x_tim.o(i.TIM_OC1PolarityConfig), (18 bytes).
    Removing stm32f10x_tim.o(i.TIM_OC2FastConfig), (26 bytes).
    Removing stm32f10x_tim.o(i.TIM_OC2NPolarityConfig), (26 bytes).
    Removing stm32f10x_tim.o(i.TIM_OC2PolarityConfig), (26 bytes).
    Removing stm32f10x_tim.o(i.TIM_OC3FastConfig), (18 bytes).
    Removing stm32f10x_tim.o(i.TIM_OC3NPolarityConfig), (26 bytes).
    Removing stm32f10x_tim.o(i.TIM_OC3PolarityConfig), (26 bytes).
    Removing stm32f10x_tim.o(i.TIM_OC4FastConfig), (26 bytes).
    Removing stm32f10x_tim.o(i.TIM_OC4Init), (124 bytes).
    Removing stm32f10x_tim.o(i.TIM_OC4PolarityConfig), (26 bytes).
    Removing stm32f10x_tim.o(i.TIM_OC4PreloadConfig), (26 bytes).
    Removing stm32f10x_tim.o(i.TIM_PWMIConfig), (124 bytes).
    Removing stm32f10x_tim.o(i.TIM_PrescalerConfig), (6 bytes).
    Removing stm32f10x_tim.o(i.TIM_SelectCCDMA), (24 bytes).
    Removing stm32f10x_tim.o(i.TIM_SelectCOM), (24 bytes).
    Removing stm32f10x_tim.o(i.TIM_SelectHallSensor), (24 bytes).
    Removing stm32f10x_tim.o(i.TIM_SelectInputTrigger), (18 bytes).
    Removing stm32f10x_tim.o(i.TIM_SelectMasterSlaveMode), (18 bytes).
    Removing stm32f10x_tim.o(i.TIM_SelectOCxM), (82 bytes).
    Removing stm32f10x_tim.o(i.TIM_SelectOnePulseMode), (18 bytes).
    Removing stm32f10x_tim.o(i.TIM_SelectOutputTrigger), (18 bytes).
    Removing stm32f10x_tim.o(i.TIM_SelectSlaveMode), (18 bytes).
    Removing stm32f10x_tim.o(i.TIM_SetAutoreload), (4 bytes).
    Removing stm32f10x_tim.o(i.TIM_SetClockDivision), (18 bytes).
    Removing stm32f10x_tim.o(i.TIM_SetCompare1), (4 bytes).
    Removing stm32f10x_tim.o(i.TIM_SetCompare2), (4 bytes).
    Removing stm32f10x_tim.o(i.TIM_SetCompare3), (4 bytes).
    Removing stm32f10x_tim.o(i.TIM_SetCompare4), (6 bytes).
    Removing stm32f10x_tim.o(i.TIM_SetCounter), (4 bytes).
    Removing stm32f10x_tim.o(i.TIM_SetIC1Prescaler), (18 bytes).
    Removing stm32f10x_tim.o(i.TIM_SetIC2Prescaler), (26 bytes).
    Removing stm32f10x_tim.o(i.TIM_SetIC3Prescaler), (18 bytes).
    Removing stm32f10x_tim.o(i.TIM_SetIC4Prescaler), (26 bytes).
    Removing stm32f10x_tim.o(i.TIM_TIxExternalClockConfig), (62 bytes).
    Removing stm32f10x_tim.o(i.TIM_UpdateDisableConfig), (24 bytes).
    Removing stm32f10x_tim.o(i.TIM_UpdateRequestConfig), (24 bytes).
    Removing stm32f10x_usart.o(i.USART_ClearFlag), (18 bytes).
    Removing stm32f10x_usart.o(i.USART_ClearITPendingBit), (30 bytes).
    Removing stm32f10x_usart.o(i.USART_ClockInit), (34 bytes).
    Removing stm32f10x_usart.o(i.USART_ClockStructInit), (12 bytes).
    Removing stm32f10x_usart.o(i.USART_Cmd), (24 bytes).
    Removing stm32f10x_usart.o(i.USART_DMACmd), (18 bytes).
    Removing stm32f10x_usart.o(i.USART_DeInit), (156 bytes).
    Removing stm32f10x_usart.o(i.USART_GetFlagStatus), (26 bytes).
    Removing stm32f10x_usart.o(i.USART_GetITStatus), (84 bytes).
    Removing stm32f10x_usart.o(i.USART_HalfDuplexCmd), (24 bytes).
    Removing stm32f10x_usart.o(i.USART_ITConfig), (74 bytes).
    Removing stm32f10x_usart.o(i.USART_Init), (216 bytes).
    Removing stm32f10x_usart.o(i.USART_IrDACmd), (24 bytes).
    Removing stm32f10x_usart.o(i.USART_IrDAConfig), (18 bytes).
    Removing stm32f10x_usart.o(i.USART_LINBreakDetectLengthConfig), (18 bytes).
    Removing stm32f10x_usart.o(i.USART_LINCmd), (24 bytes).
    Removing stm32f10x_usart.o(i.USART_OneBitMethodCmd), (24 bytes).
    Removing stm32f10x_usart.o(i.USART_OverSampling8Cmd), (22 bytes).
    Removing stm32f10x_usart.o(i.USART_ReceiveData), (10 bytes).
    Removing stm32f10x_usart.o(i.USART_ReceiverWakeUpCmd), (24 bytes).
    Removing stm32f10x_usart.o(i.USART_SendBreak), (10 bytes).
    Removing stm32f10x_usart.o(i.USART_SendData), (8 bytes).
    Removing stm32f10x_usart.o(i.USART_SetAddress), (18 bytes).
    Removing stm32f10x_usart.o(i.USART_SetGuardTime), (16 bytes).
    Removing stm32f10x_usart.o(i.USART_SetPrescaler), (16 bytes).
    Removing stm32f10x_usart.o(i.USART_SmartCardCmd), (24 bytes).
    Removing stm32f10x_usart.o(i.USART_SmartCardNACKCmd), (24 bytes).
    Removing stm32f10x_usart.o(i.USART_StructInit), (24 bytes).
    Removing stm32f10x_usart.o(i.USART_WakeUpConfig), (18 bytes).
    Removing stm32f10x_iwdg.o(i.IWDG_GetFlagStatus), (24 bytes).
    Removing system_stm32f10x.o(i.SystemCoreClockUpdate), (164 bytes).
    Removing system_stm32f10x.o(.data), (20 bytes).
    Removing main.o(i.fputc), (36 bytes).
    Removing adc.o(i.ADC_DMA_Configuration), (336 bytes).
    Removing adc.o(.data), (4 bytes).
    Removing drv8301.o(i.GateDriverRead), (164 bytes).
    Removing drv8301.o(.data), (16 bytes).
    Removing flash.o(i.Test_Write), (16 bytes).
    Removing hall.o(i.Read_Hall_number), (40 bytes).
    Removing motorcontrol.o(i.FindMin4), (64 bytes).
    Removing motorcontrol.o(i.QueryCurrent_position), (72 bytes).
    Removing motorcontrol.o(i.Record_Current_Position), (148 bytes).
    Removing motorcontrol.o(i.SpeedSum), (48 bytes).
    Removing motorcontrol.o(i.swap), (10 bytes).
    Removing timer.o(i.TIM2_Int_Init), (92 bytes).
    Removing uart.o(i.UART2_Iint), (124 bytes).
    Removing uart.o(i.UART2_SendArray), (44 bytes).
    Removing uart.o(i.UART2_SendByte), (32 bytes).
    Removing uart.o(i.UART2_SendHalfWord), (56 bytes).
    Removing uart.o(i.UART2_SendStr), (44 bytes).
    Removing protect.o(i.current_loop), (44 bytes).
    Removing protect.o(i.power_loop), (48 bytes).
    Removing system.o(i.sys_disable), (24 bytes).
    Removing system.o(i.sys_enable), (24 bytes).
    Removing system.o(i.sys_flag_init), (88 bytes).
    Removing system.o(.data), (4 bytes).

312 unused section(s) (total 12934 bytes) removed from the image.

==============================================================================

Image Symbol Table

    Local Symbols

    Symbol Name                              Value     Ov Type        Size  Object(Section)

    ../clib/microlib/init/entry.s            0x00000000   Number         0  entry2.o ABSOLUTE
    ../clib/microlib/init/entry.s            0x00000000   Number         0  entry5.o ABSOLUTE
    ../clib/microlib/init/entry.s            0x00000000   Number         0  entry7b.o ABSOLUTE
    ../clib/microlib/init/entry.s            0x00000000   Number         0  entry11a.o ABSOLUTE
    ../clib/microlib/init/entry.s            0x00000000   Number         0  entry10b.o ABSOLUTE
    ../clib/microlib/init/entry.s            0x00000000   Number         0  entry11b.o ABSOLUTE
    ../clib/microlib/init/entry.s            0x00000000   Number         0  entry10a.o ABSOLUTE
    ../clib/microlib/init/entry.s            0x00000000   Number         0  entry7a.o ABSOLUTE
    ../clib/microlib/init/entry.s            0x00000000   Number         0  entry9b.o ABSOLUTE
    ../clib/microlib/init/entry.s            0x00000000   Number         0  entry9a.o ABSOLUTE
    ../clib/microlib/init/entry.s            0x00000000   Number         0  entry8b.o ABSOLUTE
    ../clib/microlib/init/entry.s            0x00000000   Number         0  entry8a.o ABSOLUTE
    ../clib/microlib/init/entry.s            0x00000000   Number         0  entry.o ABSOLUTE
    ..\CORE\startup_stm32f10x_md.s           0x00000000   Number         0  startup_stm32f10x_md.o ABSOLUTE
    ..\UserDrive\5182.c                      0x00000000   Number         0  5182.o ABSOLUTE
    ..\UserDrive\ADC.c                       0x00000000   Number         0  adc.o ABSOLUTE
    ..\UserDrive\Delay.c                     0x00000000   Number         0  delay.o ABSOLUTE
    ..\UserDrive\Drv8301.c                   0x00000000   Number         0  drv8301.o ABSOLUTE
    ..\UserDrive\GPIO.c                      0x00000000   Number         0  gpio.o ABSOLUTE
    ..\UserDrive\HALL.c                      0x00000000   Number         0  hall.o ABSOLUTE
    ..\UserDrive\IWDG.c                      0x00000000   Number         0  iwdg.o ABSOLUTE
    ..\UserDrive\MotorControl.c              0x00000000   Number         0  motorcontrol.o ABSOLUTE
    ..\UserDrive\SPI.c                       0x00000000   Number         0  spi.o ABSOLUTE
    ..\UserDrive\Timer.c                     0x00000000   Number         0  timer.o ABSOLUTE
    ..\UserDrive\UART.c                      0x00000000   Number         0  uart.o ABSOLUTE
    ..\UserDrive\USART.c                     0x00000000   Number         0  usart.o ABSOLUTE
    ..\UserDrive\flash.c                     0x00000000   Number         0  flash.o ABSOLUTE
    ..\stm32f10x_FWLib\src\misc.c            0x00000000   Number         0  misc.o ABSOLUTE
    ..\stm32f10x_FWLib\src\stm32f10x_adc.c   0x00000000   Number         0  stm32f10x_adc.o ABSOLUTE
    ..\stm32f10x_FWLib\src\stm32f10x_crc.c   0x00000000   Number         0  stm32f10x_crc.o ABSOLUTE
    ..\stm32f10x_FWLib\src\stm32f10x_dma.c   0x00000000   Number         0  stm32f10x_dma.o ABSOLUTE
    ..\stm32f10x_FWLib\src\stm32f10x_exti.c  0x00000000   Number         0  stm32f10x_exti.o ABSOLUTE
    ..\stm32f10x_FWLib\src\stm32f10x_flash.c 0x00000000   Number         0  stm32f10x_flash.o ABSOLUTE
    ..\stm32f10x_FWLib\src\stm32f10x_fsmc.c  0x00000000   Number         0  stm32f10x_fsmc.o ABSOLUTE
    ..\stm32f10x_FWLib\src\stm32f10x_gpio.c  0x00000000   Number         0  stm32f10x_gpio.o ABSOLUTE
    ..\stm32f10x_FWLib\src\stm32f10x_iwdg.c  0x00000000   Number         0  stm32f10x_iwdg.o ABSOLUTE
    ..\stm32f10x_FWLib\src\stm32f10x_pwr.c   0x00000000   Number         0  stm32f10x_pwr.o ABSOLUTE
    ..\stm32f10x_FWLib\src\stm32f10x_rcc.c   0x00000000   Number         0  stm32f10x_rcc.o ABSOLUTE
    ..\stm32f10x_FWLib\src\stm32f10x_sdio.c  0x00000000   Number         0  stm32f10x_sdio.o ABSOLUTE
    ..\stm32f10x_FWLib\src\stm32f10x_spi.c   0x00000000   Number         0  stm32f10x_spi.o ABSOLUTE
    ..\stm32f10x_FWLib\src\stm32f10x_tim.c   0x00000000   Number         0  stm32f10x_tim.o ABSOLUTE
    ..\stm32f10x_FWLib\src\stm32f10x_usart.c 0x00000000   Number         0  stm32f10x_usart.o ABSOLUTE
    Protect.c                                0x00000000   Number         0  protect.o ABSOLUTE
    System.c                                 0x00000000   Number         0  system.o ABSOLUTE
    dc.s                                     0x00000000   Number         0  dc.o ABSOLUTE
    handlers.s                               0x00000000   Number         0  handlers.o ABSOLUTE
    init.s                                   0x00000000   Number         0  init.o ABSOLUTE
    main.c                                   0x00000000   Number         0  main.o ABSOLUTE
    stm32f10x_it.c                           0x00000000   Number         0  stm32f10x_it.o ABSOLUTE
    system_stm32f10x.c                       0x00000000   Number         0  system_stm32f10x.o ABSOLUTE
    RESET                                    0x08000000   Section      236  startup_stm32f10x_md.o(RESET)
    .ARM.Collect$$$$00000000                 0x080000ec   Section        0  entry.o(.ARM.Collect$$$$00000000)
    .ARM.Collect$$$$00000001                 0x080000ec   Section        4  entry2.o(.ARM.Collect$$$$00000001)
    .ARM.Collect$$$$00000004                 0x080000f0   Section        4  entry5.o(.ARM.Collect$$$$00000004)
    .ARM.Collect$$$$00000008                 0x080000f4   Section        0  entry7b.o(.ARM.Collect$$$$00000008)
    .ARM.Collect$$$$0000000A                 0x080000f4   Section        0  entry8b.o(.ARM.Collect$$$$0000000A)
    .ARM.Collect$$$$0000000B                 0x080000f4   Section        8  entry9a.o(.ARM.Collect$$$$0000000B)
    .ARM.Collect$$$$0000000D                 0x080000fc   Section        0  entry10a.o(.ARM.Collect$$$$0000000D)
    .ARM.Collect$$$$0000000F                 0x080000fc   Section        0  entry11a.o(.ARM.Collect$$$$0000000F)
    .ARM.Collect$$$$00002712                 0x080000fc   Section        4  entry2.o(.ARM.Collect$$$$00002712)
    __lit__00000000                          0x080000fc   Data           4  entry2.o(.ARM.Collect$$$$00002712)
    .text                                    0x08000100   Section       36  startup_stm32f10x_md.o(.text)
    .text                                    0x08000124   Section       36  init.o(.text)
    i.ADC_ClearFlag                          0x08000148   Section        0  stm32f10x_adc.o(i.ADC_ClearFlag)
    i.ADC_Cmd                                0x0800014e   Section        0  stm32f10x_adc.o(i.ADC_Cmd)
    i.ADC_Configuration1                     0x08000164   Section        0  adc.o(i.ADC_Configuration1)
    i.ADC_ExternalTrigInjectedConvCmd        0x08000240   Section        0  stm32f10x_adc.o(i.ADC_ExternalTrigInjectedConvCmd)
    i.ADC_ExternalTrigInjectedConvConfig     0x08000256   Section        0  stm32f10x_adc.o(i.ADC_ExternalTrigInjectedConvConfig)
    i.ADC_GetCalibrationStatus               0x08000266   Section        0  stm32f10x_adc.o(i.ADC_GetCalibrationStatus)
    i.ADC_GetFlagStatus                      0x0800027a   Section        0  stm32f10x_adc.o(i.ADC_GetFlagStatus)
    i.ADC_GetResetCalibrationStatus          0x0800028c   Section        0  stm32f10x_adc.o(i.ADC_GetResetCalibrationStatus)
    i.ADC_Init                               0x080002a0   Section        0  stm32f10x_adc.o(i.ADC_Init)
    i.ADC_InjectedChannelConfig              0x080002f0   Section        0  stm32f10x_adc.o(i.ADC_InjectedChannelConfig)
    i.ADC_InjectedSequencerLengthConfig      0x08000372   Section        0  stm32f10x_adc.o(i.ADC_InjectedSequencerLengthConfig)
    i.ADC_ResetCalibration                   0x0800038a   Section        0  stm32f10x_adc.o(i.ADC_ResetCalibration)
    i.ADC_StartCalibration                   0x08000394   Section        0  stm32f10x_adc.o(i.ADC_StartCalibration)
    i.Caculate_Current                       0x0800039e   Section        0  adc.o(i.Caculate_Current)
    i.Caculate_CurrentZero                   0x080003b4   Section        0  adc.o(i.Caculate_CurrentZero)
    i.Caculate_Tem                           0x080003f4   Section        0  adc.o(i.Caculate_Tem)
    i.Caculate_Vbus10Times                   0x08000408   Section        0  adc.o(i.Caculate_Vbus10Times)
    i.CalculateDistance                      0x08000414   Section        0  motorcontrol.o(i.CalculateDistance)
    i.CalibrationPosition                    0x080006ec   Section        0  motorcontrol.o(i.CalibrationPosition)
    i.CheckCmdData                           0x08000938   Section        0  5182.o(i.CheckCmdData)
    i.CheckFault                             0x08000968   Section        0  motorcontrol.o(i.CheckFault)
    i.CurrentParaInit                        0x08000c04   Section        0  motorcontrol.o(i.CurrentParaInit)
    i.DriveCalibration                       0x08000c24   Section        0  motorcontrol.o(i.DriveCalibration)
    i.EXTI9_5_IRQHandler                     0x08000da8   Section        0  stm32f10x_it.o(i.EXTI9_5_IRQHandler)
    i.EXTI_ClearITPendingBit                 0x08000f80   Section        0  stm32f10x_exti.o(i.EXTI_ClearITPendingBit)
    i.EXTI_GetITStatus                       0x08000f8c   Section        0  stm32f10x_exti.o(i.EXTI_GetITStatus)
    i.EXTI_Init                              0x08000fb4   Section        0  stm32f10x_exti.o(i.EXTI_Init)
    i.Error_Acknowledge                      0x08001048   Section        0  motorcontrol.o(i.Error_Acknowledge)
    i.FLASH_ErasePage                        0x0800107c   Section        0  stm32f10x_flash.o(i.FLASH_ErasePage)
    i.FLASH_GetBank1Status                   0x080010c8   Section        0  stm32f10x_flash.o(i.FLASH_GetBank1Status)
    i.FLASH_Lock                             0x080010fc   Section        0  stm32f10x_flash.o(i.FLASH_Lock)
    i.FLASH_PrefetchBufferCmd                0x08001110   Section        0  stm32f10x_flash.o(i.FLASH_PrefetchBufferCmd)
    i.FLASH_ProgramHalfWord                  0x0800112c   Section        0  stm32f10x_flash.o(i.FLASH_ProgramHalfWord)
    i.FLASH_Unlock                           0x0800116c   Section        0  stm32f10x_flash.o(i.FLASH_Unlock)
    i.FLASH_WaitForLastOperation             0x08001184   Section        0  stm32f10x_flash.o(i.FLASH_WaitForLastOperation)
    i.FindMin3                               0x080011aa   Section        0  motorcontrol.o(i.FindMin3)
    i.GPIO_EXTILineConfig                    0x080011c8   Section        0  stm32f10x_gpio.o(i.GPIO_EXTILineConfig)
    i.GPIO_Init                              0x08001208   Section        0  stm32f10x_gpio.o(i.GPIO_Init)
    i.GPIO_PinRemapConfig                    0x08001320   Section        0  stm32f10x_gpio.o(i.GPIO_PinRemapConfig)
    i.GPIO_ReadInputData                     0x080013b0   Section        0  stm32f10x_gpio.o(i.GPIO_ReadInputData)
    i.GPIO_ReadInputDataBit                  0x080013b8   Section        0  stm32f10x_gpio.o(i.GPIO_ReadInputDataBit)
    i.GPIO_ResetBits                         0x080013ca   Section        0  stm32f10x_gpio.o(i.GPIO_ResetBits)
    i.GPIO_SetBits                           0x080013ce   Section        0  stm32f10x_gpio.o(i.GPIO_SetBits)
    i.GateDriverConf                         0x080013d4   Section        0  drv8301.o(i.GateDriverConf)
    i.HALLerror_protect                      0x0800147c   Section        0  protect.o(i.HALLerror_protect)
    i.Hall_Init                              0x080014c0   Section        0  hall.o(i.Hall_Init)
    i.Hall_SW                                0x08001540   Section        0  hall.o(i.Hall_SW)
    i.HandleCommand                          0x0800168c   Section        0  5182.o(i.HandleCommand)
    i.IWDG_Enable                            0x080017a8   Section        0  stm32f10x_iwdg.o(i.IWDG_Enable)
    i.IWDG_Init                              0x080017b8   Section        0  iwdg.o(i.IWDG_Init)
    i.IWDG_ReloadCounter                     0x080017dc   Section        0  stm32f10x_iwdg.o(i.IWDG_ReloadCounter)
    i.IWDG_SetPrescaler                      0x080017ec   Section        0  stm32f10x_iwdg.o(i.IWDG_SetPrescaler)
    i.IWDG_SetReload                         0x080017f8   Section        0  stm32f10x_iwdg.o(i.IWDG_SetReload)
    i.IWDG_WriteAccessCmd                    0x08001804   Section        0  stm32f10x_iwdg.o(i.IWDG_WriteAccessCmd)
    i.MY_GPIO_Init                           0x08001810   Section        0  gpio.o(i.MY_GPIO_Init)
    i.MotorPrepareCmd                        0x08001950   Section        0  5182.o(i.MotorPrepareCmd)
    i.Motor_CheckSum                         0x08001978   Section        0  5182.o(i.Motor_CheckSum)
    Motor_CheckSum                           0x08001979   Thumb Code    26  5182.o(i.Motor_CheckSum)
    i.NVIC_Init                              0x08001994   Section        0  misc.o(i.NVIC_Init)
    i.NVIC_PriorityGroupConfig               0x08001a04   Section        0  misc.o(i.NVIC_PriorityGroupConfig)
    i.NVIC_SetVectorTable                    0x08001a18   Section        0  misc.o(i.NVIC_SetVectorTable)
    i.PID_Current                            0x08001a2c   Section        0  motorcontrol.o(i.PID_Current)
    i.PID_Position                           0x08001a74   Section        0  motorcontrol.o(i.PID_Position)
    i.PID_Power                              0x08001ae2   Section        0  motorcontrol.o(i.PID_Power)
    i.PID_Speed                              0x08001b38   Section        0  motorcontrol.o(i.PID_Speed)
    i.PositionParaInit                       0x08001b9c   Section        0  motorcontrol.o(i.PositionParaInit)
    i.PowerParaInit                          0x08001bc8   Section        0  motorcontrol.o(i.PowerParaInit)
    i.QueryLeftRight                         0x08001be8   Section        0  motorcontrol.o(i.QueryLeftRight)
    i.QueryUser_Calibration                  0x08001c44   Section        0  motorcontrol.o(i.QueryUser_Calibration)
    i.RCC_APB1PeriphResetCmd                 0x08001c94   Section        0  stm32f10x_rcc.o(i.RCC_APB1PeriphResetCmd)
    i.RCC_APB2PeriphClockCmd                 0x08001cb4   Section        0  stm32f10x_rcc.o(i.RCC_APB2PeriphClockCmd)
    i.RCC_APB2PeriphResetCmd                 0x08001cd4   Section        0  stm32f10x_rcc.o(i.RCC_APB2PeriphResetCmd)
    i.RCC_Configuration                      0x08001cf4   Section        0  timer.o(i.RCC_Configuration)
    i.RCC_DeInit                             0x08001da0   Section        0  stm32f10x_rcc.o(i.RCC_DeInit)
    i.RCC_GetFlagStatus                      0x08001dec   Section        0  stm32f10x_rcc.o(i.RCC_GetFlagStatus)
    i.RCC_HSICmd                             0x08001e28   Section        0  stm32f10x_rcc.o(i.RCC_HSICmd)
    i.RCC_PLLCmd                             0x08001e34   Section        0  stm32f10x_rcc.o(i.RCC_PLLCmd)
    i.RxCommand                              0x08001e40   Section        0  5182.o(i.RxCommand)
    i.SPI1_Init                              0x08001f94   Section        0  spi.o(i.SPI1_Init)
    i.SPI5182_HandleTxd                      0x0800204c   Section        0  5182.o(i.SPI5182_HandleTxd)
    i.SPI5182_PutChar                        0x080020ec   Section        0  5182.o(i.SPI5182_PutChar)
    i.SPI5182_QueryChar                      0x0800213c   Section        0  5182.o(i.SPI5182_QueryChar)
    i.SPI5182_ReadTxBuf                      0x0800218c   Section        0  5182.o(i.SPI5182_ReadTxBuf)
    i.SPI5182_WriteRxBuf                     0x080021c8   Section        0  5182.o(i.SPI5182_WriteRxBuf)
    i.SPI_Cmd                                0x08002210   Section        0  stm32f10x_spi.o(i.SPI_Cmd)
    i.SPI_I2S_GetFlagStatus                  0x08002228   Section        0  stm32f10x_spi.o(i.SPI_I2S_GetFlagStatus)
    i.SPI_I2S_ReceiveData                    0x0800223a   Section        0  stm32f10x_spi.o(i.SPI_I2S_ReceiveData)
    i.SPI_I2S_SendData                       0x08002240   Section        0  stm32f10x_spi.o(i.SPI_I2S_SendData)
    i.SPI_Init                               0x08002244   Section        0  stm32f10x_spi.o(i.SPI_Init)
    i.STMFLASH_Read                          0x08002280   Section        0  flash.o(i.STMFLASH_Read)
    i.STMFLASH_ReadHalfWord                  0x080022a2   Section        0  flash.o(i.STMFLASH_ReadHalfWord)
    i.STMFLASH_Write                         0x080022a8   Section        0  flash.o(i.STMFLASH_Write)
    i.STMFLASH_Write_NoCheck                 0x08002308   Section        0  flash.o(i.STMFLASH_Write_NoCheck)
    i.SetSysClock                            0x0800232e   Section        0  system_stm32f10x.o(i.SetSysClock)
    SetSysClock                              0x0800232f   Thumb Code     8  system_stm32f10x.o(i.SetSysClock)
    i.SetSysClockTo72                        0x08002338   Section        0  system_stm32f10x.o(i.SetSysClockTo72)
    SetSysClockTo72                          0x08002339   Thumb Code   214  system_stm32f10x.o(i.SetSysClockTo72)
    i.SpeedParaInit                          0x08002418   Section        0  motorcontrol.o(i.SpeedParaInit)
    i.SpeedSumInit                           0x08002438   Section        0  motorcontrol.o(i.SpeedSumInit)
    i.SysTick_CLKSourceConfig                0x08002470   Section        0  misc.o(i.SysTick_CLKSourceConfig)
    i.SystemInit                             0x08002498   Section        0  system_stm32f10x.o(i.SystemInit)
    i.TIM1_Configuration1                    0x080024f8   Section        0  timer.o(i.TIM1_Configuration1)
    i.TIM1_UP_IRQHandler                     0x08002624   Section        0  stm32f10x_it.o(i.TIM1_UP_IRQHandler)
    i.TIM_ARRPreloadConfig                   0x08002b94   Section        0  stm32f10x_tim.o(i.TIM_ARRPreloadConfig)
    i.TIM_ClearFlag                          0x08002bac   Section        0  stm32f10x_tim.o(i.TIM_ClearFlag)
    i.TIM_ClearITPendingBit                  0x08002bb2   Section        0  stm32f10x_tim.o(i.TIM_ClearITPendingBit)
    i.TIM_Cmd                                0x08002bb8   Section        0  stm32f10x_tim.o(i.TIM_Cmd)
    i.TIM_CtrlPWMOutputs                     0x08002bd0   Section        0  stm32f10x_tim.o(i.TIM_CtrlPWMOutputs)
    i.TIM_DeInit                             0x08002bf0   Section        0  stm32f10x_tim.o(i.TIM_DeInit)
    i.TIM_GetITStatus                        0x08002dd8   Section        0  stm32f10x_tim.o(i.TIM_GetITStatus)
    i.TIM_ITConfig                           0x08002dfa   Section        0  stm32f10x_tim.o(i.TIM_ITConfig)
    i.TIM_OC1Init                            0x08002e0c   Section        0  stm32f10x_tim.o(i.TIM_OC1Init)
    i.TIM_OC1PreloadConfig                   0x08002ea4   Section        0  stm32f10x_tim.o(i.TIM_OC1PreloadConfig)
    i.TIM_OC2Init                            0x08002eb8   Section        0  stm32f10x_tim.o(i.TIM_OC2Init)
    i.TIM_OC2PreloadConfig                   0x08002f5c   Section        0  stm32f10x_tim.o(i.TIM_OC2PreloadConfig)
    i.TIM_OC3Init                            0x08002f78   Section        0  stm32f10x_tim.o(i.TIM_OC3Init)
    i.TIM_OC3PreloadConfig                   0x08003018   Section        0  stm32f10x_tim.o(i.TIM_OC3PreloadConfig)
    i.TIM_OCStructInit                       0x0800302a   Section        0  stm32f10x_tim.o(i.TIM_OCStructInit)
    i.TIM_TimeBaseInit                       0x08003040   Section        0  stm32f10x_tim.o(i.TIM_TimeBaseInit)
    i.TIM_TimeBaseStructInit                 0x080030e4   Section        0  stm32f10x_tim.o(i.TIM_TimeBaseStructInit)
    i.TxCommand                              0x080030f8   Section        0  5182.o(i.TxCommand)
    i.UtilBiSearchInt                        0x0800333c   Section        0  adc.o(i.UtilBiSearchInt)
    i.__scatterload_copy                     0x08003378   Section       14  handlers.o(i.__scatterload_copy)
    i.__scatterload_null                     0x08003386   Section        2  handlers.o(i.__scatterload_null)
    i.__scatterload_zeroinit                 0x08003388   Section       14  handlers.o(i.__scatterload_zeroinit)
    i.current_protect                        0x08003398   Section        0  protect.o(i.current_protect)
    i.delay_init                             0x080033f8   Section        0  delay.o(i.delay_init)
    i.delay_ms                               0x08003434   Section        0  delay.o(i.delay_ms)
    i.delay_us                               0x08003480   Section        0  delay.o(i.delay_us)
    i.initsysblock                           0x080034cc   Section        0  system.o(i.initsysblock)
    i.main                                   0x08003538   Section        0  main.o(i.main)
    i.motor_stalling_protect                 0x08003740   Section        0  protect.o(i.motor_stalling_protect)
    i.motor_stop                             0x08003784   Section        0  protect.o(i.motor_stop)
    i.overtemperature_protect                0x080037c4   Section        0  protect.o(i.overtemperature_protect)
    i.voltage_protect                        0x08003808   Section        0  protect.o(i.voltage_protect)
    .constdata                               0x08003858   Section      504  adc.o(.constdata)
    .constdata                               0x08003a50   Section       18  drv8301.o(.constdata)
    .constdata                               0x08003a62   Section       16  motorcontrol.o(.constdata)
    .data                                    0x20000000   Section       20  main.o(.data)
    .data                                    0x20000014   Section       22  stm32f10x_it.o(.data)
    .data                                    0x2000002c   Section       52  5182.o(.data)
    .data                                    0x20000060   Section        4  delay.o(.data)
    fac_us                                   0x20000060   Data           1  delay.o(.data)
    fac_ms                                   0x20000062   Data           2  delay.o(.data)
    .data                                    0x20000064   Section        3  hall.o(.data)
    .data                                    0x20000068   Section      171  motorcontrol.o(.data)
    UnderVoltageCnt                          0x20000110   Data           1  motorcontrol.o(.data)
    OverVoltageCnt                           0x20000111   Data           1  motorcontrol.o(.data)
    UnderVoltageWarnCnt                      0x20000112   Data           1  motorcontrol.o(.data)
    .data                                    0x20000113   Section        5  protect.o(.data)
    voltageprotimes                          0x20000113   Data           1  protect.o(.data)
    currentprotimes                          0x20000114   Data           1  protect.o(.data)
    stallingprotimes                         0x20000115   Data           1  protect.o(.data)
    HALL_error_protimes                      0x20000116   Data           1  protect.o(.data)
    temperatureprotimes                      0x20000117   Data           1  protect.o(.data)
    .bss                                     0x20000118   Section      106  5182.o(.bss)
    .bss                                     0x20000182   Section     1024  flash.o(.bss)
    .bss                                     0x20000584   Section      452  motorcontrol.o(.bss)
    STACK                                    0x20000748   Section     1024  startup_stm32f10x_md.o(STACK)

    Global Symbols

    Symbol Name                              Value     Ov Type        Size  Object(Section)

    BuildAttributes$$THM_ISAv4$P$D$K$B$S$PE$A:L22UL41UL21$X:L11$S22US41US21$IEEE1$IW$USESV6$~STKCKD$USESV7$~SHL$OSPACE$EBA8$MICROLIB$REQ8$PRES8$EABIv2 0x00000000   Number         0  anon$$obj.o ABSOLUTE
    __ARM_use_no_argv                        0x00000000   Number         0  main.o ABSOLUTE
    __cpp_initialize__aeabi_                  - Undefined Weak Reference
    __cxa_finalize                            - Undefined Weak Reference
    __decompress                              - Undefined Weak Reference
    _clock_init                               - Undefined Weak Reference
    _microlib_exit                            - Undefined Weak Reference
    __Vectors_Size                           0x000000ec   Number         0  startup_stm32f10x_md.o ABSOLUTE
    __Vectors                                0x08000000   Data           4  startup_stm32f10x_md.o(RESET)
    __Vectors_End                            0x080000ec   Data           0  startup_stm32f10x_md.o(RESET)
    __main                                   0x080000ed   Thumb Code     0  entry.o(.ARM.Collect$$$$00000000)
    _main_stk                                0x080000ed   Thumb Code     0  entry2.o(.ARM.Collect$$$$00000001)
    _main_scatterload                        0x080000f1   Thumb Code     0  entry5.o(.ARM.Collect$$$$00000004)
    __main_after_scatterload                 0x080000f5   Thumb Code     0  entry5.o(.ARM.Collect$$$$00000004)
    _main_clock                              0x080000f5   Thumb Code     0  entry7b.o(.ARM.Collect$$$$00000008)
    _main_cpp_init                           0x080000f5   Thumb Code     0  entry8b.o(.ARM.Collect$$$$0000000A)
    _main_init                               0x080000f5   Thumb Code     0  entry9a.o(.ARM.Collect$$$$0000000B)
    __rt_final_cpp                           0x080000fd   Thumb Code     0  entry10a.o(.ARM.Collect$$$$0000000D)
    __rt_final_exit                          0x080000fd   Thumb Code     0  entry11a.o(.ARM.Collect$$$$0000000F)
    Reset_Handler                            0x08000101   Thumb Code     8  startup_stm32f10x_md.o(.text)
    NMI_Handler                              0x08000109   Thumb Code     2  startup_stm32f10x_md.o(.text)
    HardFault_Handler                        0x0800010b   Thumb Code     2  startup_stm32f10x_md.o(.text)
    MemManage_Handler                        0x0800010d   Thumb Code     2  startup_stm32f10x_md.o(.text)
    BusFault_Handler                         0x0800010f   Thumb Code     2  startup_stm32f10x_md.o(.text)
    UsageFault_Handler                       0x08000111   Thumb Code     2  startup_stm32f10x_md.o(.text)
    SVC_Handler                              0x08000113   Thumb Code     2  startup_stm32f10x_md.o(.text)
    DebugMon_Handler                         0x08000115   Thumb Code     2  startup_stm32f10x_md.o(.text)
    PendSV_Handler                           0x08000117   Thumb Code     2  startup_stm32f10x_md.o(.text)
    SysTick_Handler                          0x08000119   Thumb Code     2  startup_stm32f10x_md.o(.text)
    ADC1_2_IRQHandler                        0x0800011b   Thumb Code     0  startup_stm32f10x_md.o(.text)
    CAN1_RX1_IRQHandler                      0x0800011b   Thumb Code     0  startup_stm32f10x_md.o(.text)
    CAN1_SCE_IRQHandler                      0x0800011b   Thumb Code     0  startup_stm32f10x_md.o(.text)
    DMA1_Channel1_IRQHandler                 0x0800011b   Thumb Code     0  startup_stm32f10x_md.o(.text)
    DMA1_Channel2_IRQHandler                 0x0800011b   Thumb Code     0  startup_stm32f10x_md.o(.text)
    DMA1_Channel3_IRQHandler                 0x0800011b   Thumb Code     0  startup_stm32f10x_md.o(.text)
    DMA1_Channel4_IRQHandler                 0x0800011b   Thumb Code     0  startup_stm32f10x_md.o(.text)
    DMA1_Channel5_IRQHandler                 0x0800011b   Thumb Code     0  startup_stm32f10x_md.o(.text)
    DMA1_Channel6_IRQHandler                 0x0800011b   Thumb Code     0  startup_stm32f10x_md.o(.text)
    DMA1_Channel7_IRQHandler                 0x0800011b   Thumb Code     0  startup_stm32f10x_md.o(.text)
    EXTI0_IRQHandler                         0x0800011b   Thumb Code     0  startup_stm32f10x_md.o(.text)
    EXTI15_10_IRQHandler                     0x0800011b   Thumb Code     0  startup_stm32f10x_md.o(.text)
    EXTI1_IRQHandler                         0x0800011b   Thumb Code     0  startup_stm32f10x_md.o(.text)
    EXTI2_IRQHandler                         0x0800011b   Thumb Code     0  startup_stm32f10x_md.o(.text)
    EXTI3_IRQHandler                         0x0800011b   Thumb Code     0  startup_stm32f10x_md.o(.text)
    EXTI4_IRQHandler                         0x0800011b   Thumb Code     0  startup_stm32f10x_md.o(.text)
    FLASH_IRQHandler                         0x0800011b   Thumb Code     0  startup_stm32f10x_md.o(.text)
    I2C1_ER_IRQHandler                       0x0800011b   Thumb Code     0  startup_stm32f10x_md.o(.text)
    I2C1_EV_IRQHandler                       0x0800011b   Thumb Code     0  startup_stm32f10x_md.o(.text)
    I2C2_ER_IRQHandler                       0x0800011b   Thumb Code     0  startup_stm32f10x_md.o(.text)
    I2C2_EV_IRQHandler                       0x0800011b   Thumb Code     0  startup_stm32f10x_md.o(.text)
    PVD_IRQHandler                           0x0800011b   Thumb Code     0  startup_stm32f10x_md.o(.text)
    RCC_IRQHandler                           0x0800011b   Thumb Code     0  startup_stm32f10x_md.o(.text)
    RTCAlarm_IRQHandler                      0x0800011b   Thumb Code     0  startup_stm32f10x_md.o(.text)
    RTC_IRQHandler                           0x0800011b   Thumb Code     0  startup_stm32f10x_md.o(.text)
    SPI1_IRQHandler                          0x0800011b   Thumb Code     0  startup_stm32f10x_md.o(.text)
    SPI2_IRQHandler                          0x0800011b   Thumb Code     0  startup_stm32f10x_md.o(.text)
    TAMPER_IRQHandler                        0x0800011b   Thumb Code     0  startup_stm32f10x_md.o(.text)
    TIM1_BRK_IRQHandler                      0x0800011b   Thumb Code     0  startup_stm32f10x_md.o(.text)
    TIM1_CC_IRQHandler                       0x0800011b   Thumb Code     0  startup_stm32f10x_md.o(.text)
    TIM1_TRG_COM_IRQHandler                  0x0800011b   Thumb Code     0  startup_stm32f10x_md.o(.text)
    TIM2_IRQHandler                          0x0800011b   Thumb Code     0  startup_stm32f10x_md.o(.text)
    TIM3_IRQHandler                          0x0800011b   Thumb Code     0  startup_stm32f10x_md.o(.text)
    TIM4_IRQHandler                          0x0800011b   Thumb Code     0  startup_stm32f10x_md.o(.text)
    USART1_IRQHandler                        0x0800011b   Thumb Code     0  startup_stm32f10x_md.o(.text)
    USART2_IRQHandler                        0x0800011b   Thumb Code     0  startup_stm32f10x_md.o(.text)
    USART3_IRQHandler                        0x0800011b   Thumb Code     0  startup_stm32f10x_md.o(.text)
    USBWakeUp_IRQHandler                     0x0800011b   Thumb Code     0  startup_stm32f10x_md.o(.text)
    USB_HP_CAN1_TX_IRQHandler                0x0800011b   Thumb Code     0  startup_stm32f10x_md.o(.text)
    USB_LP_CAN1_RX0_IRQHandler               0x0800011b   Thumb Code     0  startup_stm32f10x_md.o(.text)
    WWDG_IRQHandler                          0x0800011b   Thumb Code     0  startup_stm32f10x_md.o(.text)
    __scatterload                            0x08000125   Thumb Code    28  init.o(.text)
    __scatterload_rt2                        0x08000125   Thumb Code     0  init.o(.text)
    ADC_ClearFlag                            0x08000149   Thumb Code     6  stm32f10x_adc.o(i.ADC_ClearFlag)
    ADC_Cmd                                  0x0800014f   Thumb Code    22  stm32f10x_adc.o(i.ADC_Cmd)
    ADC_Configuration1                       0x08000165   Thumb Code   208  adc.o(i.ADC_Configuration1)
    ADC_ExternalTrigInjectedConvCmd          0x08000241   Thumb Code    22  stm32f10x_adc.o(i.ADC_ExternalTrigInjectedConvCmd)
    ADC_ExternalTrigInjectedConvConfig       0x08000257   Thumb Code    16  stm32f10x_adc.o(i.ADC_ExternalTrigInjectedConvConfig)
    ADC_GetCalibrationStatus                 0x08000267   Thumb Code    20  stm32f10x_adc.o(i.ADC_GetCalibrationStatus)
    ADC_GetFlagStatus                        0x0800027b   Thumb Code    18  stm32f10x_adc.o(i.ADC_GetFlagStatus)
    ADC_GetResetCalibrationStatus            0x0800028d   Thumb Code    20  stm32f10x_adc.o(i.ADC_GetResetCalibrationStatus)
    ADC_Init                                 0x080002a1   Thumb Code    70  stm32f10x_adc.o(i.ADC_Init)
    ADC_InjectedChannelConfig                0x080002f1   Thumb Code   130  stm32f10x_adc.o(i.ADC_InjectedChannelConfig)
    ADC_InjectedSequencerLengthConfig        0x08000373   Thumb Code    24  stm32f10x_adc.o(i.ADC_InjectedSequencerLengthConfig)
    ADC_ResetCalibration                     0x0800038b   Thumb Code    10  stm32f10x_adc.o(i.ADC_ResetCalibration)
    ADC_StartCalibration                     0x08000395   Thumb Code    10  stm32f10x_adc.o(i.ADC_StartCalibration)
    Caculate_Current                         0x0800039f   Thumb Code    20  adc.o(i.Caculate_Current)
    Caculate_CurrentZero                     0x080003b5   Thumb Code    58  adc.o(i.Caculate_CurrentZero)
    Caculate_Tem                             0x080003f5   Thumb Code    16  adc.o(i.Caculate_Tem)
    Caculate_Vbus10Times                     0x08000409   Thumb Code    12  adc.o(i.Caculate_Vbus10Times)
    CalculateDistance                        0x08000415   Thumb Code   598  motorcontrol.o(i.CalculateDistance)
    CalibrationPosition                      0x080006ed   Thumb Code   498  motorcontrol.o(i.CalibrationPosition)
    CheckCmdData                             0x08000939   Thumb Code    40  5182.o(i.CheckCmdData)
    CheckFault                               0x08000969   Thumb Code   594  motorcontrol.o(i.CheckFault)
    CurrentParaInit                          0x08000c05   Thumb Code    28  motorcontrol.o(i.CurrentParaInit)
    DriveCalibration                         0x08000c25   Thumb Code   334  motorcontrol.o(i.DriveCalibration)
    EXTI9_5_IRQHandler                       0x08000da9   Thumb Code   410  stm32f10x_it.o(i.EXTI9_5_IRQHandler)
    EXTI_ClearITPendingBit                   0x08000f81   Thumb Code     6  stm32f10x_exti.o(i.EXTI_ClearITPendingBit)
    EXTI_GetITStatus                         0x08000f8d   Thumb Code    34  stm32f10x_exti.o(i.EXTI_GetITStatus)
    EXTI_Init                                0x08000fb5   Thumb Code   142  stm32f10x_exti.o(i.EXTI_Init)
    Error_Acknowledge                        0x08001049   Thumb Code    28  motorcontrol.o(i.Error_Acknowledge)
    FLASH_ErasePage                          0x0800107d   Thumb Code    72  stm32f10x_flash.o(i.FLASH_ErasePage)
    FLASH_GetBank1Status                     0x080010c9   Thumb Code    48  stm32f10x_flash.o(i.FLASH_GetBank1Status)
    FLASH_Lock                               0x080010fd   Thumb Code    14  stm32f10x_flash.o(i.FLASH_Lock)
    FLASH_PrefetchBufferCmd                  0x08001111   Thumb Code    22  stm32f10x_flash.o(i.FLASH_PrefetchBufferCmd)
    FLASH_ProgramHalfWord                    0x0800112d   Thumb Code    60  stm32f10x_flash.o(i.FLASH_ProgramHalfWord)
    FLASH_Unlock                             0x0800116d   Thumb Code    12  stm32f10x_flash.o(i.FLASH_Unlock)
    FLASH_WaitForLastOperation               0x08001185   Thumb Code    38  stm32f10x_flash.o(i.FLASH_WaitForLastOperation)
    FindMin3                                 0x080011ab   Thumb Code    30  motorcontrol.o(i.FindMin3)
    GPIO_EXTILineConfig                      0x080011c9   Thumb Code    60  stm32f10x_gpio.o(i.GPIO_EXTILineConfig)
    GPIO_Init                                0x08001209   Thumb Code   278  stm32f10x_gpio.o(i.GPIO_Init)
    GPIO_PinRemapConfig                      0x08001321   Thumb Code   138  stm32f10x_gpio.o(i.GPIO_PinRemapConfig)
    GPIO_ReadInputData                       0x080013b1   Thumb Code     8  stm32f10x_gpio.o(i.GPIO_ReadInputData)
    GPIO_ReadInputDataBit                    0x080013b9   Thumb Code    18  stm32f10x_gpio.o(i.GPIO_ReadInputDataBit)
    GPIO_ResetBits                           0x080013cb   Thumb Code     4  stm32f10x_gpio.o(i.GPIO_ResetBits)
    GPIO_SetBits                             0x080013cf   Thumb Code     4  stm32f10x_gpio.o(i.GPIO_SetBits)
    GateDriverConf                           0x080013d5   Thumb Code   146  drv8301.o(i.GateDriverConf)
    HALLerror_protect                        0x0800147d   Thumb Code    56  protect.o(i.HALLerror_protect)
    Hall_Init                                0x080014c1   Thumb Code   122  hall.o(i.Hall_Init)
    Hall_SW                                  0x08001541   Thumb Code   306  hall.o(i.Hall_SW)
    HandleCommand                            0x0800168d   Thumb Code   218  5182.o(i.HandleCommand)
    IWDG_Enable                              0x080017a9   Thumb Code    10  stm32f10x_iwdg.o(i.IWDG_Enable)
    IWDG_Init                                0x080017b9   Thumb Code    36  iwdg.o(i.IWDG_Init)
    IWDG_ReloadCounter                       0x080017dd   Thumb Code    10  stm32f10x_iwdg.o(i.IWDG_ReloadCounter)
    IWDG_SetPrescaler                        0x080017ed   Thumb Code     6  stm32f10x_iwdg.o(i.IWDG_SetPrescaler)
    IWDG_SetReload                           0x080017f9   Thumb Code     6  stm32f10x_iwdg.o(i.IWDG_SetReload)
    IWDG_WriteAccessCmd                      0x08001805   Thumb Code     6  stm32f10x_iwdg.o(i.IWDG_WriteAccessCmd)
    MY_GPIO_Init                             0x08001811   Thumb Code   304  gpio.o(i.MY_GPIO_Init)
    MotorPrepareCmd                          0x08001951   Thumb Code    34  5182.o(i.MotorPrepareCmd)
    NVIC_Init                                0x08001995   Thumb Code   100  misc.o(i.NVIC_Init)
    NVIC_PriorityGroupConfig                 0x08001a05   Thumb Code    10  misc.o(i.NVIC_PriorityGroupConfig)
    NVIC_SetVectorTable                      0x08001a19   Thumb Code    12  misc.o(i.NVIC_SetVectorTable)
    PID_Current                              0x08001a2d   Thumb Code    72  motorcontrol.o(i.PID_Current)
    PID_Position                             0x08001a75   Thumb Code   110  motorcontrol.o(i.PID_Position)
    PID_Power                                0x08001ae3   Thumb Code    86  motorcontrol.o(i.PID_Power)
    PID_Speed                                0x08001b39   Thumb Code    98  motorcontrol.o(i.PID_Speed)
    PositionParaInit                         0x08001b9d   Thumb Code    38  motorcontrol.o(i.PositionParaInit)
    PowerParaInit                            0x08001bc9   Thumb Code    28  motorcontrol.o(i.PowerParaInit)
    QueryLeftRight                           0x08001be9   Thumb Code    74  motorcontrol.o(i.QueryLeftRight)
    QueryUser_Calibration                    0x08001c45   Thumb Code    68  motorcontrol.o(i.QueryUser_Calibration)
    RCC_APB1PeriphResetCmd                   0x08001c95   Thumb Code    26  stm32f10x_rcc.o(i.RCC_APB1PeriphResetCmd)
    RCC_APB2PeriphClockCmd                   0x08001cb5   Thumb Code    26  stm32f10x_rcc.o(i.RCC_APB2PeriphClockCmd)
    RCC_APB2PeriphResetCmd                   0x08001cd5   Thumb Code    26  stm32f10x_rcc.o(i.RCC_APB2PeriphResetCmd)
    RCC_Configuration                        0x08001cf5   Thumb Code   162  timer.o(i.RCC_Configuration)
    RCC_DeInit                               0x08001da1   Thumb Code    64  stm32f10x_rcc.o(i.RCC_DeInit)
    RCC_GetFlagStatus                        0x08001ded   Thumb Code    56  stm32f10x_rcc.o(i.RCC_GetFlagStatus)
    RCC_HSICmd                               0x08001e29   Thumb Code     6  stm32f10x_rcc.o(i.RCC_HSICmd)
    RCC_PLLCmd                               0x08001e35   Thumb Code     6  stm32f10x_rcc.o(i.RCC_PLLCmd)
    RxCommand                                0x08001e41   Thumb Code   316  5182.o(i.RxCommand)
    SPI1_Init                                0x08001f95   Thumb Code   176  spi.o(i.SPI1_Init)
    SPI5182_HandleTxd                        0x0800204d   Thumb Code   148  5182.o(i.SPI5182_HandleTxd)
    SPI5182_PutChar                          0x080020ed   Thumb Code    74  5182.o(i.SPI5182_PutChar)
    SPI5182_QueryChar                        0x0800213d   Thumb Code    76  5182.o(i.SPI5182_QueryChar)
    SPI5182_ReadTxBuf                        0x0800218d   Thumb Code    56  5182.o(i.SPI5182_ReadTxBuf)
    SPI5182_WriteRxBuf                       0x080021c9   Thumb Code    68  5182.o(i.SPI5182_WriteRxBuf)
    SPI_Cmd                                  0x08002211   Thumb Code    24  stm32f10x_spi.o(i.SPI_Cmd)
    SPI_I2S_GetFlagStatus                    0x08002229   Thumb Code    18  stm32f10x_spi.o(i.SPI_I2S_GetFlagStatus)
    SPI_I2S_ReceiveData                      0x0800223b   Thumb Code     6  stm32f10x_spi.o(i.SPI_I2S_ReceiveData)
    SPI_I2S_SendData                         0x08002241   Thumb Code     4  stm32f10x_spi.o(i.SPI_I2S_SendData)
    SPI_Init                                 0x08002245   Thumb Code    60  stm32f10x_spi.o(i.SPI_Init)
    STMFLASH_Read                            0x08002281   Thumb Code    34  flash.o(i.STMFLASH_Read)
    STMFLASH_ReadHalfWord                    0x080022a3   Thumb Code     6  flash.o(i.STMFLASH_ReadHalfWord)
    STMFLASH_Write                           0x080022a9   Thumb Code    92  flash.o(i.STMFLASH_Write)
    STMFLASH_Write_NoCheck                   0x08002309   Thumb Code    38  flash.o(i.STMFLASH_Write_NoCheck)
    SpeedParaInit                            0x08002419   Thumb Code    26  motorcontrol.o(i.SpeedParaInit)
    SpeedSumInit                             0x08002439   Thumb Code    48  motorcontrol.o(i.SpeedSumInit)
    SysTick_CLKSourceConfig                  0x08002471   Thumb Code    40  misc.o(i.SysTick_CLKSourceConfig)
    SystemInit                               0x08002499   Thumb Code    78  system_stm32f10x.o(i.SystemInit)
    TIM1_Configuration1                      0x080024f9   Thumb Code   288  timer.o(i.TIM1_Configuration1)
    TIM1_UP_IRQHandler                       0x08002625   Thumb Code  1340  stm32f10x_it.o(i.TIM1_UP_IRQHandler)
    TIM_ARRPreloadConfig                     0x08002b95   Thumb Code    24  stm32f10x_tim.o(i.TIM_ARRPreloadConfig)
    TIM_ClearFlag                            0x08002bad   Thumb Code     6  stm32f10x_tim.o(i.TIM_ClearFlag)
    TIM_ClearITPendingBit                    0x08002bb3   Thumb Code     6  stm32f10x_tim.o(i.TIM_ClearITPendingBit)
    TIM_Cmd                                  0x08002bb9   Thumb Code    24  stm32f10x_tim.o(i.TIM_Cmd)
    TIM_CtrlPWMOutputs                       0x08002bd1   Thumb Code    30  stm32f10x_tim.o(i.TIM_CtrlPWMOutputs)
    TIM_DeInit                               0x08002bf1   Thumb Code   424  stm32f10x_tim.o(i.TIM_DeInit)
    TIM_GetITStatus                          0x08002dd9   Thumb Code    34  stm32f10x_tim.o(i.TIM_GetITStatus)
    TIM_ITConfig                             0x08002dfb   Thumb Code    18  stm32f10x_tim.o(i.TIM_ITConfig)
    TIM_OC1Init                              0x08002e0d   Thumb Code   132  stm32f10x_tim.o(i.TIM_OC1Init)
    TIM_OC1PreloadConfig                     0x08002ea5   Thumb Code    18  stm32f10x_tim.o(i.TIM_OC1PreloadConfig)
    TIM_OC2Init                              0x08002eb9   Thumb Code   154  stm32f10x_tim.o(i.TIM_OC2Init)
    TIM_OC2PreloadConfig                     0x08002f5d   Thumb Code    26  stm32f10x_tim.o(i.TIM_OC2PreloadConfig)
    TIM_OC3Init                              0x08002f79   Thumb Code   150  stm32f10x_tim.o(i.TIM_OC3Init)
    TIM_OC3PreloadConfig                     0x08003019   Thumb Code    18  stm32f10x_tim.o(i.TIM_OC3PreloadConfig)
    TIM_OCStructInit                         0x0800302b   Thumb Code    20  stm32f10x_tim.o(i.TIM_OCStructInit)
    TIM_TimeBaseInit                         0x08003041   Thumb Code   122  stm32f10x_tim.o(i.TIM_TimeBaseInit)
    TIM_TimeBaseStructInit                   0x080030e5   Thumb Code    18  stm32f10x_tim.o(i.TIM_TimeBaseStructInit)
    TxCommand                                0x080030f9   Thumb Code   506  5182.o(i.TxCommand)
    UtilBiSearchInt                          0x0800333d   Thumb Code    60  adc.o(i.UtilBiSearchInt)
    __scatterload_copy                       0x08003379   Thumb Code    14  handlers.o(i.__scatterload_copy)
    __scatterload_null                       0x08003387   Thumb Code     2  handlers.o(i.__scatterload_null)
    __scatterload_zeroinit                   0x08003389   Thumb Code    14  handlers.o(i.__scatterload_zeroinit)
    current_protect                          0x08003399   Thumb Code    80  protect.o(i.current_protect)
    delay_init                               0x080033f9   Thumb Code    52  delay.o(i.delay_init)
    delay_ms                                 0x08003435   Thumb Code    72  delay.o(i.delay_ms)
    delay_us                                 0x08003481   Thumb Code    72  delay.o(i.delay_us)
    initsysblock                             0x080034cd   Thumb Code   104  system.o(i.initsysblock)
    main                                     0x08003539   Thumb Code   424  main.o(i.main)
    motor_stalling_protect                   0x08003741   Thumb Code    56  protect.o(i.motor_stalling_protect)
    motor_stop                               0x08003785   Thumb Code    54  protect.o(i.motor_stop)
    overtemperature_protect                  0x080037c5   Thumb Code    56  protect.o(i.overtemperature_protect)
    voltage_protect                          0x08003809   Thumb Code    68  protect.o(i.voltage_protect)
    temRef                                   0x08003858   Data         504  adc.o(.constdata)
    SPI1_TxData                              0x08003a50   Data          18  drv8301.o(.constdata)
    ucReverseHall                            0x08003a62   Data           8  motorcontrol.o(.constdata)
    ucForwardHall                            0x08003a6a   Data           8  motorcontrol.o(.constdata)
    Region$$Table$$Base                      0x08003a74   Number         0  anon$$obj.o(Region$$Table)
    Region$$Table$$Limit                     0x08003a94   Number         0  anon$$obj.o(Region$$Table)
    SPI1_RxData                              0x20000000   Data          18  main.o(.data)
    FAULT_state                              0x20000012   Data           1  main.o(.data)
    OC_state                                 0x20000013   Data           1  main.o(.data)
    uc1msFlag                                0x20000014   Data           1  stm32f10x_it.o(.data)
    uiHall                                   0x20000016   Data           2  stm32f10x_it.o(.data)
    uc1msCount                               0x20000018   Data           1  stm32f10x_it.o(.data)
    uiHallA_Time                             0x2000001a   Data           2  stm32f10x_it.o(.data)
    uiHallB_Time                             0x2000001c   Data           2  stm32f10x_it.o(.data)
    uiHallC_Time                             0x2000001e   Data           2  stm32f10x_it.o(.data)
    ucHallLast                               0x20000020   Data           1  stm32f10x_it.o(.data)
    uiCurrentAD_Last                         0x20000022   Data           2  stm32f10x_it.o(.data)
    uiVoltageAD_Last                         0x20000024   Data           2  stm32f10x_it.o(.data)
    uiMosTemAD_Last                          0x20000026   Data           2  stm32f10x_it.o(.data)
    uiStall_time                             0x20000028   Data           2  stm32f10x_it.o(.data)
    uctest                                   0x2000002c   Data           5  5182.o(.data)
    LastCmdByte                              0x20000031   Data           1  5182.o(.data)
    change                                   0x20000032   Data           1  5182.o(.data)
    test                                     0x20000034   Data           2  5182.o(.data)
    test1                                    0x20000036   Data           2  5182.o(.data)
    open_power_flag                          0x20000038   Data           1  5182.o(.data)
    open_power_flag_finish                   0x20000039   Data           1  5182.o(.data)
    power_finish_flag                        0x2000003a   Data           1  5182.o(.data)
    cmdTxBuf                                 0x2000003b   Data           5  5182.o(.data)
    cmdStep                                  0x20000040   Data           1  5182.o(.data)
    cmdPtr                                   0x20000041   Data           1  5182.o(.data)
    ucCheckSum                               0x20000042   Data           1  5182.o(.data)
    ucCmdData                                0x20000043   Data           4  5182.o(.data)
    ucCheckSumTest                           0x20000047   Data           1  5182.o(.data)
    Time                                     0x20000048   Data           1  5182.o(.data)
    sendTest                                 0x2000004a   Data          12  5182.o(.data)
    Position_H                               0x20000056   Data           2  5182.o(.data)
    Position_L                               0x20000058   Data           1  5182.o(.data)
    Position_All                             0x2000005c   Data           4  5182.o(.data)
    My_PWM                                   0x20000064   Data           2  hall.o(.data)
    ucHallTemp                               0x20000066   Data           1  hall.o(.data)
    keytemp                                  0x20000068   Data           1  motorcontrol.o(.data)
    uiVqrefOut                               0x2000006a   Data           2  motorcontrol.o(.data)
    ucAngle                                  0x2000006c   Data           2  motorcontrol.o(.data)
    BatteryVolgate                           0x2000006e   Data           1  motorcontrol.o(.data)
    uiTargetLocation                         0x20000070   Data           4  motorcontrol.o(.data)
    uiLengthSum                              0x20000074   Data           2  motorcontrol.o(.data)
    uiLeftLength                             0x20000076   Data           2  motorcontrol.o(.data)
    uiRigthLength                            0x20000078   Data           2  motorcontrol.o(.data)
    uiLengthDifferent                        0x2000007a   Data           2  motorcontrol.o(.data)
    uiCurrentLocation                        0x2000007c   Data           4  motorcontrol.o(.data)
    ucMotorDrection                          0x20000080   Data           1  motorcontrol.o(.data)
    ucSteeringDrection                       0x20000081   Data           1  motorcontrol.o(.data)
    ucCalibrationFlag                        0x20000082   Data           1  motorcontrol.o(.data)
    ucCalibrationStep1Flag                   0x20000083   Data           1  motorcontrol.o(.data)
    ucCalibrationSuccessFlag                 0x20000084   Data           1  motorcontrol.o(.data)
    ucCalibrationFailedFlag                  0x20000085   Data           1  motorcontrol.o(.data)
    ucDriveCalibrationFlag                   0x20000086   Data           1  motorcontrol.o(.data)
    ucDriveCalibrationSucFlag                0x20000087   Data           1  motorcontrol.o(.data)
    ucDistanceAngle                          0x20000088   Data           2  motorcontrol.o(.data)
    ucDistanceDirction                       0x2000008a   Data           1  motorcontrol.o(.data)
    ucDriveDistanceError                     0x2000008c   Data           4  motorcontrol.o(.data)
    Left_RightLengh                          0x20000090   Data           8  motorcontrol.o(.data)
    datatemp                                 0x20000098   Data           8  motorcontrol.o(.data)
    MototStatus                              0x200000a0   Data           1  motorcontrol.o(.data)
    ucLeftShortFlag                          0x200000a1   Data           1  motorcontrol.o(.data)
    ucRightShortFlag                         0x200000a2   Data           1  motorcontrol.o(.data)
    Battery                                  0x200000a4   Data           2  motorcontrol.o(.data)
    SetBatteryVoltage                        0x200000a6   Data           1  motorcontrol.o(.data)
    SetBatteryVoltageOK                      0x200000a7   Data           1  motorcontrol.o(.data)
    SetOK                                    0x200000a8   Data           1  motorcontrol.o(.data)
    SetBatteryVoltageFailed                  0x200000a9   Data           1  motorcontrol.o(.data)
    SetBatteryVoltageNeeded                  0x200000aa   Data           1  motorcontrol.o(.data)
    uc50msCnt                                0x200000ab   Data           1  motorcontrol.o(.data)
    uc2msCnt                                 0x200000ac   Data           2  motorcontrol.o(.data)
    uiSpeedFbk                               0x200000ae   Data           2  motorcontrol.o(.data)
    uiHallSpeedCnt                           0x200000b0   Data           2  motorcontrol.o(.data)
    uiHallSpeedBackCnt                       0x200000b2   Data           2  motorcontrol.o(.data)
    uiHallSpeedBackTempCnt                   0x200000b4   Data           2  motorcontrol.o(.data)
    uiHallSpeedTimeCnt                       0x200000b6   Data           2  motorcontrol.o(.data)
    uiCurrentLocationHallCnt                 0x200000b8   Data           4  motorcontrol.o(.data)
    HallTemp                                 0x200000bc   Data           1  motorcontrol.o(.data)
    ucChangeDrectionFlag                     0x200000bd   Data           1  motorcontrol.o(.data)
    uiCalibrationSpeed                       0x200000be   Data           2  motorcontrol.o(.data)
    uiSpeedSet                               0x200000c0   Data           2  motorcontrol.o(.data)
    ucReadZeroFlag                           0x200000c2   Data           1  motorcontrol.o(.data)
    uiCurrentZero                            0x200000c4   Data           2  motorcontrol.o(.data)
    uiCurrentAD                              0x200000c6   Data           2  motorcontrol.o(.data)
    uiVoltageAD                              0x200000c8   Data           2  motorcontrol.o(.data)
    uiVoltageADFbk                           0x200000ca   Data           2  motorcontrol.o(.data)
    uiMosTemAD                               0x200000cc   Data           2  motorcontrol.o(.data)
    uiMosTemADFbk                            0x200000ce   Data           2  motorcontrol.o(.data)
    ucForewardStallFlag                      0x200000d0   Data           1  motorcontrol.o(.data)
    ucReversedStallFlag                      0x200000d1   Data           1  motorcontrol.o(.data)
    UserMosTem                               0x200000d4   Data           4  motorcontrol.o(.data)
    UserCurrent10Times                       0x200000d8   Data           2  motorcontrol.o(.data)
    UserVolatge10Times                       0x200000da   Data           2  motorcontrol.o(.data)
    UserPower                                0x200000dc   Data           2  motorcontrol.o(.data)
    MotorStopFlag                            0x200000de   Data           1  motorcontrol.o(.data)
    ucClearFault                             0x200000df   Data           1  motorcontrol.o(.data)
    uiLimitPower                             0x200000e0   Data           2  motorcontrol.o(.data)
    uiLimitCurrent                           0x200000e2   Data           2  motorcontrol.o(.data)
    uiCurrentFbk                             0x200000e4   Data           2  motorcontrol.o(.data)
    ucMotorDrectionTemp                      0x200000e6   Data           1  motorcontrol.o(.data)
    temp11                                   0x200000e8   Data           2  motorcontrol.o(.data)
    dataVolgate                              0x200000ea   Data           6  motorcontrol.o(.data)
    BatterySet                               0x200000f0   Data           6  motorcontrol.o(.data)
    Current_Position                         0x200000f6   Data           8  motorcontrol.o(.data)
    Current_Position1                        0x200000fe   Data           8  motorcontrol.o(.data)
    Posion_temp                              0x20000106   Data           8  motorcontrol.o(.data)
    Record_Current_Position_Flag             0x2000010e   Data           1  motorcontrol.o(.data)
    Record_Current_Position_Start            0x2000010f   Data           1  motorcontrol.o(.data)
    SPI5182_Buf                              0x20000118   Data         106  5182.o(.bss)
    STMFLASH_BUF                             0x20000182   Data        1024  flash.o(.bss)
    SpeedPara                                0x20000584   Data          68  motorcontrol.o(.bss)
    CurrentPara                              0x200005c8   Data          68  motorcontrol.o(.bss)
    PowerPara                                0x2000060c   Data          68  motorcontrol.o(.bss)
    PositionPara                             0x20000650   Data          68  motorcontrol.o(.bss)
    SpeedData                                0x20000694   Data          12  motorcontrol.o(.bss)
    ulSpeedArry                              0x200006a0   Data         168  motorcontrol.o(.bss)
    __initial_sp                             0x20000b48   Data           0  startup_stm32f10x_md.o(STACK)



==============================================================================

Memory Map of the image

  Image Entry point : 0x080000ed

  Load Region LR_IROM1 (Base: 0x08000000, Size: 0x00003bac, Max: 0x00010000, ABSOLUTE)

    Execution Region ER_IROM1 (Base: 0x08000000, Size: 0x00003a94, Max: 0x00010000, ABSOLUTE)

    Base Addr    Size         Type   Attr      Idx    E Section Name        Object

    0x08000000   0x000000ec   Data   RO            3    RESET               startup_stm32f10x_md.o
    0x080000ec   0x00000000   Code   RO         3072  * .ARM.Collect$$$$00000000  mc_w.l(entry.o)
    0x080000ec   0x00000004   Code   RO         3075    .ARM.Collect$$$$00000001  mc_w.l(entry2.o)
    0x080000f0   0x00000004   Code   RO         3078    .ARM.Collect$$$$00000004  mc_w.l(entry5.o)
    0x080000f4   0x00000000   Code   RO         3080    .ARM.Collect$$$$00000008  mc_w.l(entry7b.o)
    0x080000f4   0x00000000   Code   RO         3082    .ARM.Collect$$$$0000000A  mc_w.l(entry8b.o)
    0x080000f4   0x00000008   Code   RO         3083    .ARM.Collect$$$$0000000B  mc_w.l(entry9a.o)
    0x080000fc   0x00000000   Code   RO         3085    .ARM.Collect$$$$0000000D  mc_w.l(entry10a.o)
    0x080000fc   0x00000000   Code   RO         3087    .ARM.Collect$$$$0000000F  mc_w.l(entry11a.o)
    0x080000fc   0x00000004   Code   RO         3076    .ARM.Collect$$$$00002712  mc_w.l(entry2.o)
    0x08000100   0x00000024   Code   RO            4    .text               startup_stm32f10x_md.o
    0x08000124   0x00000024   Code   RO         3089    .text               mc_w.l(init.o)
    0x08000148   0x00000006   Code   RO          137    i.ADC_ClearFlag     stm32f10x_adc.o
    0x0800014e   0x00000016   Code   RO          139    i.ADC_Cmd           stm32f10x_adc.o
    0x08000164   0x000000dc   Code   RO         2552    i.ADC_Configuration1  adc.o
    0x08000240   0x00000016   Code   RO          145    i.ADC_ExternalTrigInjectedConvCmd  stm32f10x_adc.o
    0x08000256   0x00000010   Code   RO          146    i.ADC_ExternalTrigInjectedConvConfig  stm32f10x_adc.o
    0x08000266   0x00000014   Code   RO          147    i.ADC_GetCalibrationStatus  stm32f10x_adc.o
    0x0800027a   0x00000012   Code   RO          150    i.ADC_GetFlagStatus  stm32f10x_adc.o
    0x0800028c   0x00000014   Code   RO          153    i.ADC_GetResetCalibrationStatus  stm32f10x_adc.o
    0x080002a0   0x00000050   Code   RO          157    i.ADC_Init          stm32f10x_adc.o
    0x080002f0   0x00000082   Code   RO          158    i.ADC_InjectedChannelConfig  stm32f10x_adc.o
    0x08000372   0x00000018   Code   RO          160    i.ADC_InjectedSequencerLengthConfig  stm32f10x_adc.o
    0x0800038a   0x0000000a   Code   RO          162    i.ADC_ResetCalibration  stm32f10x_adc.o
    0x08000394   0x0000000a   Code   RO          166    i.ADC_StartCalibration  stm32f10x_adc.o
    0x0800039e   0x00000014   Code   RO         2554    i.Caculate_Current  adc.o
    0x080003b2   0x00000002   PAD
    0x080003b4   0x00000040   Code   RO         2555    i.Caculate_CurrentZero  adc.o
    0x080003f4   0x00000014   Code   RO         2556    i.Caculate_Tem      adc.o
    0x08000408   0x0000000c   Code   RO         2557    i.Caculate_Vbus10Times  adc.o
    0x08000414   0x000002d8   Code   RO         2759    i.CalculateDistance  motorcontrol.o
    0x080006ec   0x0000024c   Code   RO         2760    i.CalibrationPosition  motorcontrol.o
    0x08000938   0x00000030   Code   RO         2460    i.CheckCmdData      5182.o
    0x08000968   0x0000029c   Code   RO         2761    i.CheckFault        motorcontrol.o
    0x08000c04   0x00000020   Code   RO         2762    i.CurrentParaInit   motorcontrol.o
    0x08000c24   0x00000184   Code   RO         2763    i.DriveCalibration  motorcontrol.o
    0x08000da8   0x000001d8   Code   RO         2429    i.EXTI9_5_IRQHandler  stm32f10x_it.o
    0x08000f80   0x0000000c   Code   RO          470    i.EXTI_ClearITPendingBit  stm32f10x_exti.o
    0x08000f8c   0x00000028   Code   RO          474    i.EXTI_GetITStatus  stm32f10x_exti.o
    0x08000fb4   0x00000094   Code   RO          475    i.EXTI_Init         stm32f10x_exti.o
    0x08001048   0x00000034   Code   RO         2764    i.Error_Acknowledge  motorcontrol.o
    0x0800107c   0x0000004c   Code   RO          528    i.FLASH_ErasePage   stm32f10x_flash.o
    0x080010c8   0x00000034   Code   RO          529    i.FLASH_GetBank1Status  stm32f10x_flash.o
    0x080010fc   0x00000014   Code   RO          538    i.FLASH_Lock        stm32f10x_flash.o
    0x08001110   0x0000001c   Code   RO          540    i.FLASH_PrefetchBufferCmd  stm32f10x_flash.o
    0x0800112c   0x00000040   Code   RO          541    i.FLASH_ProgramHalfWord  stm32f10x_flash.o
    0x0800116c   0x00000018   Code   RO          546    i.FLASH_Unlock      stm32f10x_flash.o
    0x08001184   0x00000026   Code   RO          550    i.FLASH_WaitForLastOperation  stm32f10x_flash.o
    0x080011aa   0x0000001e   Code   RO         2765    i.FindMin3          motorcontrol.o
    0x080011c8   0x00000040   Code   RO          820    i.GPIO_EXTILineConfig  stm32f10x_gpio.o
    0x08001208   0x00000116   Code   RO          823    i.GPIO_Init         stm32f10x_gpio.o
    0x0800131e   0x00000002   PAD
    0x08001320   0x00000090   Code   RO          825    i.GPIO_PinRemapConfig  stm32f10x_gpio.o
    0x080013b0   0x00000008   Code   RO          826    i.GPIO_ReadInputData  stm32f10x_gpio.o
    0x080013b8   0x00000012   Code   RO          827    i.GPIO_ReadInputDataBit  stm32f10x_gpio.o
    0x080013ca   0x00000004   Code   RO          830    i.GPIO_ResetBits    stm32f10x_gpio.o
    0x080013ce   0x00000004   Code   RO          831    i.GPIO_SetBits      stm32f10x_gpio.o
    0x080013d2   0x00000002   PAD
    0x080013d4   0x000000a8   Code   RO         2637    i.GateDriverConf    drv8301.o
    0x0800147c   0x00000044   Code   RO         2981    i.HALLerror_protect  protect.o
    0x080014c0   0x00000080   Code   RO         2711    i.Hall_Init         hall.o
    0x08001540   0x0000014c   Code   RO         2712    i.Hall_SW           hall.o
    0x0800168c   0x0000011c   Code   RO         2461    i.HandleCommand     5182.o
    0x080017a8   0x00000010   Code   RO         2249    i.IWDG_Enable       stm32f10x_iwdg.o
    0x080017b8   0x00000024   Code   RO         2747    i.IWDG_Init         iwdg.o
    0x080017dc   0x00000010   Code   RO         2251    i.IWDG_ReloadCounter  stm32f10x_iwdg.o
    0x080017ec   0x0000000c   Code   RO         2252    i.IWDG_SetPrescaler  stm32f10x_iwdg.o
    0x080017f8   0x0000000c   Code   RO         2253    i.IWDG_SetReload    stm32f10x_iwdg.o
    0x08001804   0x0000000c   Code   RO         2254    i.IWDG_WriteAccessCmd  stm32f10x_iwdg.o
    0x08001810   0x00000140   Code   RO         2699    i.MY_GPIO_Init      gpio.o
    0x08001950   0x00000028   Code   RO         2462    i.MotorPrepareCmd   5182.o
    0x08001978   0x0000001a   Code   RO         2463    i.Motor_CheckSum    5182.o
    0x08001992   0x00000002   PAD
    0x08001994   0x00000070   Code   RO           10    i.NVIC_Init         misc.o
    0x08001a04   0x00000014   Code   RO           11    i.NVIC_PriorityGroupConfig  misc.o
    0x08001a18   0x00000014   Code   RO           12    i.NVIC_SetVectorTable  misc.o
    0x08001a2c   0x00000048   Code   RO         2767    i.PID_Current       motorcontrol.o
    0x08001a74   0x0000006e   Code   RO         2768    i.PID_Position      motorcontrol.o
    0x08001ae2   0x00000056   Code   RO         2769    i.PID_Power         motorcontrol.o
    0x08001b38   0x00000062   Code   RO         2770    i.PID_Speed         motorcontrol.o
    0x08001b9a   0x00000002   PAD
    0x08001b9c   0x0000002c   Code   RO         2771    i.PositionParaInit  motorcontrol.o
    0x08001bc8   0x00000020   Code   RO         2772    i.PowerParaInit     motorcontrol.o
    0x08001be8   0x0000005c   Code   RO         2774    i.QueryLeftRight    motorcontrol.o
    0x08001c44   0x00000050   Code   RO         2775    i.QueryUser_Calibration  motorcontrol.o
    0x08001c94   0x00000020   Code   RO          994    i.RCC_APB1PeriphResetCmd  stm32f10x_rcc.o
    0x08001cb4   0x00000020   Code   RO          995    i.RCC_APB2PeriphClockCmd  stm32f10x_rcc.o
    0x08001cd4   0x00000020   Code   RO          996    i.RCC_APB2PeriphResetCmd  stm32f10x_rcc.o
    0x08001cf4   0x000000ac   Code   RO         2918    i.RCC_Configuration  timer.o
    0x08001da0   0x0000004c   Code   RO         1002    i.RCC_DeInit        stm32f10x_rcc.o
    0x08001dec   0x0000003c   Code   RO         1004    i.RCC_GetFlagStatus  stm32f10x_rcc.o
    0x08001e28   0x0000000c   Code   RO         1009    i.RCC_HSICmd        stm32f10x_rcc.o
    0x08001e34   0x0000000c   Code   RO         1016    i.RCC_PLLCmd        stm32f10x_rcc.o
    0x08001e40   0x00000154   Code   RO         2464    i.RxCommand         5182.o
    0x08001f94   0x000000b8   Code   RO         2906    i.SPI1_Init         spi.o
    0x0800204c   0x000000a0   Code   RO         2465    i.SPI5182_HandleTxd  5182.o
    0x080020ec   0x00000050   Code   RO         2466    i.SPI5182_PutChar   5182.o
    0x0800213c   0x00000050   Code   RO         2467    i.SPI5182_QueryChar  5182.o
    0x0800218c   0x0000003c   Code   RO         2468    i.SPI5182_ReadTxBuf  5182.o
    0x080021c8   0x00000048   Code   RO         2469    i.SPI5182_WriteRxBuf  5182.o
    0x08002210   0x00000018   Code   RO         1382    i.SPI_Cmd           stm32f10x_spi.o
    0x08002228   0x00000012   Code   RO         1390    i.SPI_I2S_GetFlagStatus  stm32f10x_spi.o
    0x0800223a   0x00000006   Code   RO         1393    i.SPI_I2S_ReceiveData  stm32f10x_spi.o
    0x08002240   0x00000004   Code   RO         1394    i.SPI_I2S_SendData  stm32f10x_spi.o
    0x08002244   0x0000003c   Code   RO         1395    i.SPI_Init          stm32f10x_spi.o
    0x08002280   0x00000022   Code   RO         2660    i.STMFLASH_Read     flash.o
    0x080022a2   0x00000006   Code   RO         2661    i.STMFLASH_ReadHalfWord  flash.o
    0x080022a8   0x00000060   Code   RO         2662    i.STMFLASH_Write    flash.o
    0x08002308   0x00000026   Code   RO         2663    i.STMFLASH_Write_NoCheck  flash.o
    0x0800232e   0x00000008   Code   RO         2291    i.SetSysClock       system_stm32f10x.o
    0x08002336   0x00000002   PAD
    0x08002338   0x000000e0   Code   RO         2292    i.SetSysClockTo72   system_stm32f10x.o
    0x08002418   0x00000020   Code   RO         2777    i.SpeedParaInit     motorcontrol.o
    0x08002438   0x00000038   Code   RO         2779    i.SpeedSumInit      motorcontrol.o
    0x08002470   0x00000028   Code   RO           14    i.SysTick_CLKSourceConfig  misc.o
    0x08002498   0x00000060   Code   RO         2294    i.SystemInit        system_stm32f10x.o
    0x080024f8   0x0000012c   Code   RO         2919    i.TIM1_Configuration1  timer.o
    0x08002624   0x00000570   Code   RO         2430    i.TIM1_UP_IRQHandler  stm32f10x_it.o
    0x08002b94   0x00000018   Code   RO         1525    i.TIM_ARRPreloadConfig  stm32f10x_tim.o
    0x08002bac   0x00000006   Code   RO         1531    i.TIM_ClearFlag     stm32f10x_tim.o
    0x08002bb2   0x00000006   Code   RO         1532    i.TIM_ClearITPendingBit  stm32f10x_tim.o
    0x08002bb8   0x00000018   Code   RO         1537    i.TIM_Cmd           stm32f10x_tim.o
    0x08002bd0   0x0000001e   Code   RO         1539    i.TIM_CtrlPWMOutputs  stm32f10x_tim.o
    0x08002bee   0x00000002   PAD
    0x08002bf0   0x000001e8   Code   RO         1542    i.TIM_DeInit        stm32f10x_tim.o
    0x08002dd8   0x00000022   Code   RO         1558    i.TIM_GetITStatus   stm32f10x_tim.o
    0x08002dfa   0x00000012   Code   RO         1562    i.TIM_ITConfig      stm32f10x_tim.o
    0x08002e0c   0x00000098   Code   RO         1566    i.TIM_OC1Init       stm32f10x_tim.o
    0x08002ea4   0x00000012   Code   RO         1569    i.TIM_OC1PreloadConfig  stm32f10x_tim.o
    0x08002eb6   0x00000002   PAD
    0x08002eb8   0x000000a4   Code   RO         1571    i.TIM_OC2Init       stm32f10x_tim.o
    0x08002f5c   0x0000001a   Code   RO         1574    i.TIM_OC2PreloadConfig  stm32f10x_tim.o
    0x08002f76   0x00000002   PAD
    0x08002f78   0x000000a0   Code   RO         1576    i.TIM_OC3Init       stm32f10x_tim.o
    0x08003018   0x00000012   Code   RO         1579    i.TIM_OC3PreloadConfig  stm32f10x_tim.o
    0x0800302a   0x00000014   Code   RO         1584    i.TIM_OCStructInit  stm32f10x_tim.o
    0x0800303e   0x00000002   PAD
    0x08003040   0x000000a4   Code   RO         1608    i.TIM_TimeBaseInit  stm32f10x_tim.o
    0x080030e4   0x00000012   Code   RO         1609    i.TIM_TimeBaseStructInit  stm32f10x_tim.o
    0x080030f6   0x00000002   PAD
    0x080030f8   0x00000244   Code   RO         2470    i.TxCommand         5182.o
    0x0800333c   0x0000003c   Code   RO         2558    i.UtilBiSearchInt   adc.o
    0x08003378   0x0000000e   Code   RO         3093    i.__scatterload_copy  mc_w.l(handlers.o)
    0x08003386   0x00000002   Code   RO         3094    i.__scatterload_null  mc_w.l(handlers.o)
    0x08003388   0x0000000e   Code   RO         3095    i.__scatterload_zeroinit  mc_w.l(handlers.o)
    0x08003396   0x00000002   PAD
    0x08003398   0x00000060   Code   RO         2983    i.current_protect   protect.o
    0x080033f8   0x0000003c   Code   RO         2608    i.delay_init        delay.o
    0x08003434   0x0000004c   Code   RO         2609    i.delay_ms          delay.o
    0x08003480   0x0000004c   Code   RO         2610    i.delay_us          delay.o
    0x080034cc   0x0000006c   Code   RO         3036    i.initsysblock      system.o
    0x08003538   0x00000208   Code   RO         2348    i.main              main.o
    0x08003740   0x00000044   Code   RO         2984    i.motor_stalling_protect  protect.o
    0x08003784   0x00000040   Code   RO         2985    i.motor_stop        protect.o
    0x080037c4   0x00000044   Code   RO         2986    i.overtemperature_protect  protect.o
    0x08003808   0x00000050   Code   RO         2988    i.voltage_protect   protect.o
    0x08003858   0x000001f8   Data   RO         2559    .constdata          adc.o
    0x08003a50   0x00000012   Data   RO         2639    .constdata          drv8301.o
    0x08003a62   0x00000010   Data   RO         2782    .constdata          motorcontrol.o
    0x08003a72   0x00000002   PAD
    0x08003a74   0x00000020   Data   RO         3091    Region$$Table       anon$$obj.o


    Execution Region RW_IRAM1 (Base: 0x20000000, Size: 0x00000b48, Max: 0x00005000, ABSOLUTE)

    Base Addr    Size         Type   Attr      Idx    E Section Name        Object

    0x20000000   0x00000014   Data   RW         2349    .data               main.o
    0x20000014   0x00000016   Data   RW         2431    .data               stm32f10x_it.o
    0x2000002a   0x00000002   PAD
    0x2000002c   0x00000034   Data   RW         2472    .data               5182.o
    0x20000060   0x00000004   Data   RW         2611    .data               delay.o
    0x20000064   0x00000003   Data   RW         2714    .data               hall.o
    0x20000067   0x00000001   PAD
    0x20000068   0x000000ab   Data   RW         2783    .data               motorcontrol.o
    0x20000113   0x00000005   Data   RW         2989    .data               protect.o
    0x20000118   0x0000006a   Zero   RW         2471    .bss                5182.o
    0x20000182   0x00000400   Zero   RW         2665    .bss                flash.o
    0x20000582   0x00000002   PAD
    0x20000584   0x000001c4   Zero   RW         2781    .bss                motorcontrol.o
    0x20000748   0x00000400   Zero   RW            1    STACK               startup_stm32f10x_md.o


==============================================================================

Image component sizes


      Code (inc. data)   RO Data    RW Data    ZI Data      Debug   Object Name

      1770        216          0         52        106       9157   5182.o
       396         22        504          0          0       4714   adc.o
       212         16          0          4          0       1775   delay.o
       168         22         18          0          0       1495   drv8301.o
       174          4          0          0       1024       3021   flash.o
       320         16          0          0          0        659   gpio.o
       460         40          0          3          0       1514   hall.o
        36          0          0          0          0        544   iwdg.o
       520         96          0         20          0       1443   main.o
       192         30          0          0          0     263939   misc.o
      3188        430         16        171        452      16092   motorcontrol.o
       444         74          0          5          0       3048   protect.o
       184          8          0          0          0        632   spi.o
        36          8        236          0       1024        828   startup_stm32f10x_md.o
       378         10          0          0          0       9369   stm32f10x_adc.o
       200         18          0          0          0       2160   stm32f10x_exti.o
       302         36          0          0          0       4040   stm32f10x_flash.o
       520         10          0          0          0       5745   stm32f10x_gpio.o
      1864        230          0         22          0       2649   stm32f10x_it.o
        68         30          0          0          0       2562   stm32f10x_iwdg.o
       256         46          0          0          0       3942   stm32f10x_rcc.o
       112          0          0          0          0       3902   stm32f10x_spi.o
      1370        146          0          0          0      11214   stm32f10x_tim.o
       108          4          0          0          0        491   system.o
       328         28          0          0          0     203557   system_stm32f10x.o
       472         22          0          0          0       1366   timer.o

    ----------------------------------------------------------------------
     14100       1562        808        280       2608     559858   Object Totals
         0          0         32          0          0          0   (incl. Generated)
        22          0          2          3          2          0   (incl. Padding)

    ----------------------------------------------------------------------

      Code (inc. data)   RO Data    RW Data    ZI Data      Debug   Library Member Name

         0          0          0          0          0          0   entry.o
         0          0          0          0          0          0   entry10a.o
         0          0          0          0          0          0   entry11a.o
         8          4          0          0          0          0   entry2.o
         4          0          0          0          0          0   entry5.o
         0          0          0          0          0          0   entry7b.o
         0          0          0          0          0          0   entry8b.o
         8          4          0          0          0          0   entry9a.o
        30          0          0          0          0          0   handlers.o
        36          8          0          0          0         68   init.o

    ----------------------------------------------------------------------
        88         16          0          0          0         68   Library Totals
         2          0          0          0          0          0   (incl. Padding)

    ----------------------------------------------------------------------

      Code (inc. data)   RO Data    RW Data    ZI Data      Debug   Library Name

        86         16          0          0          0         68   mc_w.l

    ----------------------------------------------------------------------
        88         16          0          0          0         68   Library Totals

    ----------------------------------------------------------------------

==============================================================================


      Code (inc. data)   RO Data    RW Data    ZI Data      Debug   

     14188       1578        808        280       2608     553526   Grand Totals
     14188       1578        808        280       2608     553526   ELF Image Totals
     14188       1578        808        280          0          0   ROM Totals

==============================================================================

    Total RO  Size (Code + RO Data)                14996 (  14.64kB)
    Total RW  Size (RW Data + ZI Data)              2888 (   2.82kB)
    Total ROM Size (Code + RO Data + RW Data)      15276 (  14.92kB)

==============================================================================

